Archive member included to satisfy reference by file (symbol)

C:/ST/STM32CubeIDE_2.0.0/STM32CubeIDE/plugins/com.st.stm32cube.ide.mcu.externaltools.gnu-tools-for-stm32.13.3.rel1.win32_1.0.100.202509120712/tools/bin/../lib/gcc/arm-none-eabi/13.3.1/../../../../arm-none-eabi/lib/thumb/v7e-m+dp/hard\libc_nano.a(libc_a-exit.o)
                              C:/ST/STM32CubeIDE_2.0.0/STM32CubeIDE/plugins/com.st.stm32cube.ide.mcu.externaltools.gnu-tools-for-stm32.13.3.rel1.win32_1.0.100.202509120712/tools/bin/../lib/gcc/arm-none-eabi/13.3.1/../../../../arm-none-eabi/lib/thumb/v7e-m+dp/hard/crt0.o (exit)
C:/ST/STM32CubeIDE_2.0.0/STM32CubeIDE/plugins/com.st.stm32cube.ide.mcu.externaltools.gnu-tools-for-stm32.13.3.rel1.win32_1.0.100.202509120712/tools/bin/../lib/gcc/arm-none-eabi/13.3.1/../../../../arm-none-eabi/lib/thumb/v7e-m+dp/hard\libc_nano.a(libc_a-findfp.o)
                              C:/ST/STM32CubeIDE_2.0.0/STM32CubeIDE/plugins/com.st.stm32cube.ide.mcu.externaltools.gnu-tools-for-stm32.13.3.rel1.win32_1.0.100.202509120712/tools/bin/../lib/gcc/arm-none-eabi/13.3.1/../../../../arm-none-eabi/lib/thumb/v7e-m+dp/hard\libc_nano.a(libc_a-exit.o) (__stdio_exit_handler)
C:/ST/STM32CubeIDE_2.0.0/STM32CubeIDE/plugins/com.st.stm32cube.ide.mcu.externaltools.gnu-tools-for-stm32.13.3.rel1.win32_1.0.100.202509120712/tools/bin/../lib/gcc/arm-none-eabi/13.3.1/../../../../arm-none-eabi/lib/thumb/v7e-m+dp/hard\libc_nano.a(libc_a-fwalk.o)
                              C:/ST/STM32CubeIDE_2.0.0/STM32CubeIDE/plugins/com.st.stm32cube.ide.mcu.externaltools.gnu-tools-for-stm32.13.3.rel1.win32_1.0.100.202509120712/tools/bin/../lib/gcc/arm-none-eabi/13.3.1/../../../../arm-none-eabi/lib/thumb/v7e-m+dp/hard\libc_nano.a(libc_a-findfp.o) (_fwalk_sglue)
C:/ST/STM32CubeIDE_2.0.0/STM32CubeIDE/plugins/com.st.stm32cube.ide.mcu.externaltools.gnu-tools-for-stm32.13.3.rel1.win32_1.0.100.202509120712/tools/bin/../lib/gcc/arm-none-eabi/13.3.1/../../../../arm-none-eabi/lib/thumb/v7e-m+dp/hard\libc_nano.a(libc_a-stdio.o)
                              C:/ST/STM32CubeIDE_2.0.0/STM32CubeIDE/plugins/com.st.stm32cube.ide.mcu.externaltools.gnu-tools-for-stm32.13.3.rel1.win32_1.0.100.202509120712/tools/bin/../lib/gcc/arm-none-eabi/13.3.1/../../../../arm-none-eabi/lib/thumb/v7e-m+dp/hard\libc_nano.a(libc_a-findfp.o) (__sread)
C:/ST/STM32CubeIDE_2.0.0/STM32CubeIDE/plugins/com.st.stm32cube.ide.mcu.externaltools.gnu-tools-for-stm32.13.3.rel1.win32_1.0.100.202509120712/tools/bin/../lib/gcc/arm-none-eabi/13.3.1/../../../../arm-none-eabi/lib/thumb/v7e-m+dp/hard\libc_nano.a(libc_a-memset.o)
                              C:/ST/STM32CubeIDE_2.0.0/STM32CubeIDE/plugins/com.st.stm32cube.ide.mcu.externaltools.gnu-tools-for-stm32.13.3.rel1.win32_1.0.100.202509120712/tools/bin/../lib/gcc/arm-none-eabi/13.3.1/../../../../arm-none-eabi/lib/thumb/v7e-m+dp/hard/crt0.o (memset)
C:/ST/STM32CubeIDE_2.0.0/STM32CubeIDE/plugins/com.st.stm32cube.ide.mcu.externaltools.gnu-tools-for-stm32.13.3.rel1.win32_1.0.100.202509120712/tools/bin/../lib/gcc/arm-none-eabi/13.3.1/../../../../arm-none-eabi/lib/thumb/v7e-m+dp/hard\libc_nano.a(libc_a-closer.o)
                              C:/ST/STM32CubeIDE_2.0.0/STM32CubeIDE/plugins/com.st.stm32cube.ide.mcu.externaltools.gnu-tools-for-stm32.13.3.rel1.win32_1.0.100.202509120712/tools/bin/../lib/gcc/arm-none-eabi/13.3.1/../../../../arm-none-eabi/lib/thumb/v7e-m+dp/hard\libc_nano.a(libc_a-stdio.o) (_close_r)
C:/ST/STM32CubeIDE_2.0.0/STM32CubeIDE/plugins/com.st.stm32cube.ide.mcu.externaltools.gnu-tools-for-stm32.13.3.rel1.win32_1.0.100.202509120712/tools/bin/../lib/gcc/arm-none-eabi/13.3.1/../../../../arm-none-eabi/lib/thumb/v7e-m+dp/hard\libc_nano.a(libc_a-reent.o)
                              C:/ST/STM32CubeIDE_2.0.0/STM32CubeIDE/plugins/com.st.stm32cube.ide.mcu.externaltools.gnu-tools-for-stm32.13.3.rel1.win32_1.0.100.202509120712/tools/bin/../lib/gcc/arm-none-eabi/13.3.1/../../../../arm-none-eabi/lib/thumb/v7e-m+dp/hard\libc_nano.a(libc_a-closer.o) (errno)
C:/ST/STM32CubeIDE_2.0.0/STM32CubeIDE/plugins/com.st.stm32cube.ide.mcu.externaltools.gnu-tools-for-stm32.13.3.rel1.win32_1.0.100.202509120712/tools/bin/../lib/gcc/arm-none-eabi/13.3.1/../../../../arm-none-eabi/lib/thumb/v7e-m+dp/hard\libc_nano.a(libc_a-impure.o)
                              C:/ST/STM32CubeIDE_2.0.0/STM32CubeIDE/plugins/com.st.stm32cube.ide.mcu.externaltools.gnu-tools-for-stm32.13.3.rel1.win32_1.0.100.202509120712/tools/bin/../lib/gcc/arm-none-eabi/13.3.1/../../../../arm-none-eabi/lib/thumb/v7e-m+dp/hard\libc_nano.a(libc_a-reent.o) (_impure_ptr)
C:/ST/STM32CubeIDE_2.0.0/STM32CubeIDE/plugins/com.st.stm32cube.ide.mcu.externaltools.gnu-tools-for-stm32.13.3.rel1.win32_1.0.100.202509120712/tools/bin/../lib/gcc/arm-none-eabi/13.3.1/../../../../arm-none-eabi/lib/thumb/v7e-m+dp/hard\libc_nano.a(libc_a-lseekr.o)
[...]
Memory Configuration

Name             Origin             Length             Attributes
ITCMRAM          0x00000000         0x00010000         xrw
FLASH            0x08000000         0x00200000         xr
DTCMRAM1         0x20000000         0x00010000         xrw
DTCMRAM2         0x20010000         0x00010000         xrw
RAM              0x24000000         0x00100000         xrw
RAM_CD           0x30000000         0x00020000         xrw
RAM_SRD          0x38000000         0x00008000         xrw
*default*        0x00000000         0xffffffff

Linker script and memory map

LOAD C:/ST/STM32CubeIDE_2.0.0/STM32CubeIDE/plugins/com.st.stm32cube.ide.mcu.externaltools.gnu-tools-for-stm32.13.3.rel1.win32_1.0.100.202509120712/tools/bin/../lib/gcc/arm-none-eabi/13.3.1/thumb/v7e-m+dp/hard/crti.o
LOAD C:/ST/STM32CubeIDE_2.0.0/STM32CubeIDE/plugins/com.st.stm32cube.ide.mcu.externaltools.gnu-tools-for-stm32.13.3.rel1.win32_1.0.100.202509120712/tools/bin/../lib/gcc/arm-none-eabi/13.3.1/thumb/v7e-m+dp/hard/crtbegin.o
LOAD C:/ST/STM32CubeIDE_2.0.0/STM32CubeIDE/plugins/com.st.stm32cube.ide.mcu.externaltools.gnu-tools-for-stm32.13.3.rel1.win32_1.0.100.202509120712/tools/bin/../lib/gcc/arm-none-eabi/13.3.1/../../../../arm-none-eabi/lib/thumb/v7e-m+dp/hard/crt0.o
LOAD ./Core/Src/freertos.o
LOAD ./Core/Src/gpio.o
LOAD ./Core/Src/i2c.o
LOAD ./Core/Src/imu.o
LOAD ./Core/Src/main.o
LOAD ./Core/Src/mpu6050.o
LOAD ./Core/Src/stm32h7xx_hal_msp.o
LOAD ./Core/Src/stm32h7xx_hal_timebase_tim.o
LOAD ./Core/Src/stm32h7xx_it.o
LOAD ./Core/Src/syscalls.o
LOAD ./Core/Src/sysmem.o
LOAD ./Core/Src/system_stm32h7xx.o
LOAD ./Core/Src/tasks.o
LOAD ./Core/Startup/startup_stm32h7a3zitxq.o
LOAD ./Drivers/BSP/STM32H7xx_Nucleo/stm32h7xx_nucleo.o
LOAD ./Drivers/STM32H7xx_HAL_Driver/Src/stm32h7xx_hal.o
LOAD ./Drivers/STM32H7xx_HAL_Driver/Src/stm32h7xx_hal_cortex.o
LOAD ./Drivers/STM32H7xx_HAL_Driver/Src/stm32h7xx_hal_dma.o
LOAD ./Drivers/STM32H7xx_HAL_Driver/Src/stm32h7xx_hal_dma_ex.o
LOAD ./Drivers/STM32H7xx_HAL_Driver/Src/stm32h7xx_hal_exti.o
LOAD ./Drivers/STM32H7xx_HAL_Driver/Src/stm32h7xx_hal_flash.o
LOAD ./Drivers/STM32H7xx_HAL_Driver/Src/stm32h7xx_hal_flash_ex.o
LOAD ./Drivers/STM32H7xx_HAL_Driver/Src/stm32h7xx_hal_gpio.o
LOAD ./Drivers/STM32H7xx_HAL_Driver/Src/stm32h7xx_hal_hsem.o
LOAD ./Drivers/STM32H7xx_HAL_Driver/Src/stm32h7xx_hal_i2c.o
LOAD ./Drivers/STM32H7xx_HAL_Driver/Src/stm32h7xx_hal_i2c_ex.o
LOAD ./Drivers/STM32H7xx_HAL_Driver/Src/stm32h7xx_hal_mdma.o
LOAD ./Drivers/STM32H7xx_HAL_Driver/Src/stm32h7xx_hal_pwr.o
LOAD ./Drivers/STM32H7xx_HAL_Driver/Src/stm32h7xx_hal_pwr_ex.o
LOAD ./Drivers/STM32H7xx_HAL_Driver/Src/stm32h7xx_hal_rcc.o
LOAD ./Drivers/STM32H7xx_HAL_Driver/Src/stm32h7xx_hal_rcc_ex.o
LOAD ./Drivers/STM32H7xx_HAL_Driver/Src/stm32h7xx_hal_tim.o
LOAD ./Drivers/STM32H7xx_HAL_Driver/Src/stm32h7xx_hal_tim_ex.o
LOAD ./Drivers/STM32H7xx_HAL_Driver/Src/stm32h7xx_hal_uart.o
LOAD ./Drivers/STM32H7xx_HAL_Driver/Src/stm32h7xx_hal_uart_ex.o
LOAD ./Drivers/STM32H7xx_HAL_Driver/Src/stm32h7xx_hal_usart.o
LOAD ./Drivers/STM32H7xx_HAL_Driver/Src/stm32h7xx_hal_usart_ex.o
LOAD ./Middlewares/Third_Party/FreeRTOS/Source/CMSIS_RTOS_V2/cmsis_os2.o
LOAD ./Middlewares/Third_Party/FreeRTOS/Source/croutine.o
LOAD ./Middlewares/Third_Party/FreeRTOS/Source/event_groups.o
LOAD ./Middlewares/Third_Party/FreeRTOS/Source/list.o
LOAD ./Middlewares/Third_Party/FreeRTOS/Source/queue.o
LOAD ./Middlewares/Third_Party/FreeRTOS/Source/stream_buffer.o
LOAD ./Middlewares/Third_Party/FreeRTOS/Source/tasks.o
LOAD ./Middlewares/Third_Party/FreeRTOS/Source/timers.o
LOAD ./Middlewares/Third_Party/FreeRTOS/Source/portable/GCC/ARM_CM4F/port.o
LOAD ./Middlewares/Third_Party/FreeRTOS/Source/portable/MemMang/heap_4.o
START GROUP
LOAD C:/ST/STM32CubeIDE_2.0.0/STM32CubeIDE/plugins/com.st.stm32cube.ide.mcu.externaltools.gnu-tools-for-stm32.13.3.rel1.win32_1.0.100.202509120712/tools/bin/../lib/gcc/arm-none-eabi/13.3.1/../../../../arm-none-eabi/lib/thumb/v7e-m+dp/hard\libc_nano.a
LOAD C:/ST/STM32CubeIDE_2.0.0/STM32CubeIDE/plugins/com.st.stm32cube.ide.mcu.externaltools.gnu-tools-for-stm32.13.3.rel1.win32_1.0.100.202509120712/tools/bin/../lib/gcc/arm-none-eabi/13.3.1/../../../../arm-none-eabi/lib/thumb/v7e-m+dp/hard\libm.a
END GROUP
START GROUP
LOAD C:/ST/STM32CubeIDE_2.0.0/STM32CubeIDE/plugins/com.st.stm32cube.ide.mcu.externaltools.gnu-tools-for-stm32.13.3.rel1.win32_1.0.100.202509120712/tools/bin/../lib/gcc/arm-none-eabi/13.3.1/thumb/v7e-m+dp/hard\libgcc.a
LOAD C:/ST/STM32CubeIDE_2.0.0/STM32CubeIDE/plugins/com.st.stm32cube.ide.mcu.externaltools.gnu-tools-for-stm32.13.3.rel1.win32_1.0.100.202509120712/tools/bin/../lib/gcc/arm-none-eabi/13.3.1/../../../../arm-none-eabi/lib/thumb/v7e-m+dp/hard\libc_nano.a
END GROUP
START GROUP
LOAD C:/ST/STM32CubeIDE_2.0.0/STM32CubeIDE/plugins/com.st.stm32cube.ide.mcu.externaltools.gnu-tools-for-stm32.13.3.rel1.win32_1.0.100.202509120712/tools/bin/../lib/gcc/arm-none-eabi/13.3.1/thumb/v7e-m+dp/hard\libgcc.a
LOAD C:/ST/STM32CubeIDE_2.0.0/STM32CubeIDE/plugins/com.st.stm32cube.ide.mcu.externaltools.gnu-tools-for-stm32.13.3.rel1.win32_1.0.100.202509120712/tools/bin/../lib/gcc/arm-none-eabi/13.3.1/../../../../arm-none-eabi/lib/thumb/v7e-m+dp/hard\libc_nano.a
LOAD C:/ST/STM32CubeIDE_2.0.0/STM32CubeIDE/plugins/com.st.stm32cube.ide.mcu.externaltools.gnu-tools-for-stm32.13.3.rel1.win32_1.0.100.202509120712/tools/bin/../lib/gcc/arm-none-eabi/13.3.1/../../../../arm-none-eabi/lib/thumb/v7e-m+dp/hard\libnosys.a
END GROUP
START GROUP
LOAD C:/ST/STM32CubeIDE_2.0.0/STM32CubeIDE/plugins/com.st.stm32cube.ide.mcu.externaltools.gnu-tools-for-stm32.13.3.rel1.win32_1.0.100.202509120712/tools/bin/../lib/gcc/arm-none-eabi/13.3.1/thumb/v7e-m+dp/hard\libgcc.a
LOAD C:/ST/STM32CubeIDE_2.0.0/STM32CubeIDE/plugins/com.st.stm32cube.ide.mcu.externaltools.gnu-tools-for-stm32.13.3.rel1.win32_1.0.100.202509120712/tools/bin/../lib/gcc/arm-none-eabi/13.3.1/../../../../arm-none-eabi/lib/thumb/v7e-m+dp/hard\libc_nano.a
LOAD C:/ST/STM32CubeIDE_2.0.0/STM32CubeIDE/plugins/com.st.stm32cube.ide.mcu.externaltools.gnu-tools-for-stm32.13.3.rel1.win32_1.0.100.202509120712/tools/bin/../lib/gcc/arm-none-eabi/13.3.1/../../../../arm-none-eabi/lib/thumb/v7e-m+dp/hard\libnosys.a
END GROUP
LOAD C:/ST/STM32CubeIDE_2.0.0/STM32CubeIDE/plugins/com.st.stm32cube.ide.mcu.externaltools.gnu-tools-for-stm32.13.3.rel1.win32_1.0.100.202509120712/tools/bin/../lib/gcc/arm-none-eabi/13.3.1/thumb/v7e-m+dp/hard/crtend.o
LOAD C:/ST/STM32CubeIDE_2.0.0/STM32CubeIDE/plugins/com.st.stm32cube.ide.mcu.externaltools.gnu-tools-for-stm32.13.3.rel1.win32_1.0.100.202509120712/tools/bin/../lib/gcc/arm-none-eabi/13.3.1/thumb/v7e-m+dp/hard/crtn.o
                0x24100000                        _estack = (ORIGIN (RAM) + LENGTH (RAM))
                0x00000200                        _Min_Heap_Size = 0x200
                0x00000400                        _Min_Stack_Size = 0x400

.isr_vector     0x08000000      0x2ac
                0x08000000                        . = ALIGN (0x4)
 *(.isr_vector)
 .isr_vector    0x08000000      0x2ac ./Core/Startup/startup_stm32h7a3zitxq.o
                0x08000000                g_pfnVectors
                0x080002ac                        . = ALIGN (0x4)

.text           0x080002b0     0x8a14
                0x080002b0                        . = ALIGN (0x4)
 *(.text)
 .text          0x080002b0       0x40 C:/ST/STM32CubeIDE_2.0.0/STM32CubeIDE/plugins/com.st.stm32cube.ide.mcu.externaltools.gnu-tools-for-stm32.13.3.rel1.win32_1.0.100.202509120712/tools/bin/../lib/gcc/arm-none-eabi/13.3.1/thumb/v7e-m+dp/hard/crtbegin.o
 .text          0x080002f0       0x30 C:/ST/STM32CubeIDE_2.0.0/STM32CubeIDE/plugins/com.st.stm32cube.ide.mcu.externaltools.gnu-tools-for-stm32.13.3.rel1.win32_1.0.100.202509120712/tools/bin/../lib/gcc/arm-none-eabi/13.3.1/thumb/v7e-m+dp/hard\libgcc.a(_aeabi_uldivmod.o)
                0x080002f0                __aeabi_uldivmod
 .text          0x08000320      0x2f8 C:/ST/STM32CubeIDE_2.0.0/STM32CubeIDE/plugins/com.st.stm32cube.ide.mcu.externaltools.gnu-tools-for-stm32.13.3.rel1.win32_1.0.100.202509120712/tools/bin/../lib/gcc/arm-none-eabi/13.3.1/thumb/v7e-m+dp/hard\libgcc.a(_udivmoddi4.o)
                0x08000320                __udivmoddi4
 .text          0x08000618        0x4 C:/ST/STM32CubeIDE_2.0.0/STM32CubeIDE/plugins/com.st.stm32cube.ide.mcu.externaltools.gnu-tools-for-stm32.13.3.rel1.win32_1.0.100.202509120712/tools/bin/../lib/gcc/arm-none-eabi/13.3.1/thumb/v7e-m+dp/hard\libgcc.a(_dvmd_tls.o)
                0x08000618                __aeabi_idiv0
                0x08000618                __aeabi_ldiv0
 *(.text*)
 .text.MX_FREERTOS_Init
                0x0800061c       0x24 ./Core/Src/freertos.o
                0x0800061c                MX_FREERTOS_Init
 .text.StartDefaultTask
                0x08000640       0x10 ./Core/Src/freertos.o
                0x08000640                StartDefaultTask
 .text.MX_GPIO_Init
                0x08000650       0xc8 ./Core/Src/gpio.o
                0x08000650                MX_GPIO_Init
 .text.MX_I2C1_Init
                0x08000718       0x80 ./Core/Src/i2c.o
                0x08000718                MX_I2C1_Init
 .text.HAL_I2C_MspInit
                0x08000798       0xd0 ./Core/Src/i2c.o
                0x08000798                HAL_I2C_MspInit
 .text.HAL_GPIO_EXTI_Callback
                0x08000868       0x4c ./Core/Src/imu.o
                0x08000868                HAL_GPIO_EXTI_Callback
 .text.main     0x080008b4       0x78 ./Core/Src/main.o
                0x080008b4                main
 .text.SystemClock_Config
                0x0800092c       0xec ./Core/Src/main.o
                0x0800092c                SystemClock_Config
 .text.MPU_Config
                0x08000a18       0x58 ./Core/Src/main.o
 .text.HAL_TIM_PeriodElapsedCallback
                0x08000a70       0x24 ./Core/Src/main.o
                0x08000a70                HAL_TIM_PeriodElapsedCallback
 .text.Error_Handler
                0x08000a94        0xc ./Core/Src/main.o
                0x08000a94                Error_Handler
 .text.HAL_MspInit
                0x08000aa0       0x3c ./Core/Src/stm32h7xx_hal_msp.o
                0x08000aa0                HAL_MspInit
 .text.HAL_InitTick
                0x08000adc       0xd8 ./Core/Src/stm32h7xx_hal_timebase_tim.o
                0x08000adc                HAL_InitTick
 .text.NMI_Handler
                0x08000bb4        0x8 ./Core/Src/stm32h7xx_it.o
                0x08000bb4                NMI_Handler
 .text.HardFault_Handler
                0x08000bbc        0x8 ./Core/Src/stm32h7xx_it.o
                0x08000bbc                HardFault_Handler
 .text.MemManage_Handler
                0x08000bc4        0x8 ./Core/Src/stm32h7xx_it.o
                0x08000bc4                MemManage_Handler
 .text.BusFault_Handler
                0x08000bcc        0x8 ./Core/Src/stm32h7xx_it.o
                0x08000bcc                BusFault_Handler
 .text.UsageFault_Handler
                0x08000bd4        0x8 ./Core/Src/stm32h7xx_it.o
                0x08000bd4                UsageFault_Handler
 .text.DebugMon_Handler
                0x08000bdc        0xe ./Core/Src/stm32h7xx_it.o
                0x08000bdc                DebugMon_Handler
 .text.EXTI0_IRQHandler
                0x08000bea        0xe ./Core/Src/stm32h7xx_it.o
                0x08000bea                EXTI0_IRQHandler
 .text.EXTI15_10_IRQHandler
                0x08000bf8        0xe ./Core/Src/stm32h7xx_it.o
                0x08000bf8                EXTI15_10_IRQHandler
 *fill*         0x08000c06        0x2 
 .text.TIM6_DAC_IRQHandler
                0x08000c08       0x14 ./Core/Src/stm32h7xx_it.o
                0x08000c08                TIM6_DAC_IRQHandler
 .text.SystemInit
                0x08000c1c      0x120 ./Core/Src/system_stm32h7xx.o
                0x08000c1c                SystemInit
 .text.ExitRun0Mode
                0x08000d3c       0x30 ./Core/Src/system_stm32h7xx.o
                0x08000d3c                ExitRun0Mode
 .text.Reset_Handler
                0x08000d6c       0x54 ./Core/Startup/startup_stm32h7a3zitxq.o
                0x08000d6c                Reset_Handler
 .text.Default_Handler
                0x08000dc0        0x2 ./Core/Startup/startup_stm32h7a3zitxq.o
                0x08000dc0                RTC_Alarm_IRQHandler
                0x08000dc0                EXTI2_IRQHandler
                0x08000dc0                TIM8_CC_IRQHandler
                0x08000dc0                UART8_IRQHandler
                0x08000dc0                BDMA2_Channel1_IRQHandler
                0x08000dc0                SPI4_IRQHandler
                0x08000dc0                BDMA2_Channel0_IRQHandler
                0x08000dc0                TIM1_CC_IRQHandler
                0x08000dc0                DMA2_Stream5_IRQHandler
                0x08000dc0                JPEG_IRQHandler
                0x08000dc0                DMA1_Stream5_IRQHandler
                0x08000dc0                EXTI3_IRQHandler
                0x08000dc0                LPTIM4_IRQHandler
                0x08000dc0                TIM8_TRG_COM_TIM14_IRQHandler
                0x08000dc0                LPTIM2_IRQHandler
                0x08000dc0                DFSDM1_FLT1_IRQHandler
                0x08000dc0                DMAMUX2_OVR_IRQHandler
                0x08000dc0                GFXMMU_IRQHandler
                0x08000dc0                TIM8_UP_TIM13_IRQHandler
                0x08000dc0                I2C3_ER_IRQHandler
                0x08000dc0                DFSDM1_FLT2_IRQHandler
                0x08000dc0                USART10_IRQHandler
                0x08000dc0                MDMA_IRQHandler
                0x08000dc0                LPTIM3_IRQHandler
                0x08000dc0                BDMA2_Channel3_IRQHandler
                0x08000dc0                HSEM1_IRQHandler
                0x08000dc0                I2C2_EV_IRQHandler
                0x08000dc0                DAC2_IRQHandler
                0x08000dc0                DMA1_Stream2_IRQHandler
                0x08000dc0                FPU_IRQHandler
                0x08000dc0                OTG_HS_WKUP_IRQHandler
                0x08000dc0                FDCAN1_IT1_IRQHandler
                0x08000dc0                LTDC_ER_IRQHandler
                0x08000dc0                DMA2_Stream2_IRQHandler
                0x08000dc0                SPI1_IRQHandler
                0x08000dc0                OCTOSPI1_IRQHandler
                0x08000dc0                BDMA2_Channel6_IRQHandler
                0x08000dc0                DMA2_Stream3_IRQHandler
                0x08000dc0                OCTOSPI2_IRQHandler
                0x08000dc0                SAI2_IRQHandler
                0x08000dc0                BDMA1_IRQHandler
                0x08000dc0                DFSDM1_FLT3_IRQHandler
                0x08000dc0                USART6_IRQHandler
                0x08000dc0                TIM17_IRQHandler
                0x08000dc0                USART3_IRQHandler
                0x08000dc0                LPTIM5_IRQHandler
                0x08000dc0                UART5_IRQHandler
                0x08000dc0                DMA2_Stream0_IRQHandler
                0x08000dc0                TIM4_IRQHandler
                0x08000dc0                I2C1_EV_IRQHandler
                0x08000dc0                DMA1_Stream6_IRQHandler
                0x08000dc0                DMAMUX1_OVR_IRQHandler
                0x08000dc0                DMA1_Stream1_IRQHandler
                0x08000dc0                TIM16_IRQHandler
                0x08000dc0                UART4_IRQHandler
                0x08000dc0                TIM3_IRQHandler
                0x08000dc0                RCC_IRQHandler
                0x08000dc0                UART9_IRQHandler
                0x08000dc0                TIM8_BRK_TIM12_IRQHandler
                0x08000dc0                TIM1_TRG_COM_IRQHandler
                0x08000dc0                Default_Handler
                0x08000dc0                ECC_IRQHandler
                0x08000dc0                BDMA2_Channel2_IRQHandler
                0x08000dc0                CEC_IRQHandler
                0x08000dc0                DFSDM1_FLT4_IRQHandler
                0x08000dc0                ADC_IRQHandler
                0x08000dc0                DMA1_Stream7_IRQHandler
                0x08000dc0                SPI5_IRQHandler
                0x08000dc0                TIM7_IRQHandler
                0x08000dc0                SDMMC1_IRQHandler
                0x08000dc0                TIM5_IRQHandler
                0x08000dc0                DMA2_Stream7_IRQHandler
                0x08000dc0                TIM15_IRQHandler
                0x08000dc0                I2C3_EV_IRQHandler
                0x08000dc0                DFSDM2_IRQHandler
                0x08000dc0                EXTI9_5_IRQHandler
                0x08000dc0                RTC_WKUP_IRQHandler
                0x08000dc0                LTDC_IRQHandler
                0x08000dc0                SPDIF_RX_IRQHandler
                0x08000dc0                PVD_PVM_IRQHandler
                0x08000dc0                SPI2_IRQHandler
                0x08000dc0                OTG_HS_EP1_IN_IRQHandler
                0x08000dc0                DFSDM1_FLT5_IRQHandler
                0x08000dc0                DMA1_Stream0_IRQHandler
                0x08000dc0                CRS_IRQHandler
                0x08000dc0                EXTI4_IRQHandler
                0x08000dc0                DFSDM1_FLT6_IRQHandler
                0x08000dc0                RNG_IRQHandler
                0x08000dc0                FDCAN2_IT1_IRQHandler
                0x08000dc0                COMP_IRQHandler
                0x08000dc0                TIM1_UP_IRQHandler
                0x08000dc0                OTG_HS_EP1_OUT_IRQHandler
                0x08000dc0                WWDG_IRQHandler
                0x08000dc0                SPI6_IRQHandler
                0x08000dc0                MDIOS_IRQHandler
                0x08000dc0                I2C4_EV_IRQHandler
                0x08000dc0                FDCAN2_IT0_IRQHandler
                0x08000dc0                LPUART1_IRQHandler
                0x08000dc0                FDCAN1_IT0_IRQHandler
                0x08000dc0                TIM2_IRQHandler
                0x08000dc0                BDMA2_Channel5_IRQHandler
                0x08000dc0                OTG_HS_IRQHandler
                0x08000dc0                DMA2D_IRQHandler
                0x08000dc0                TIM1_BRK_IRQHandler
                0x08000dc0                EXTI1_IRQHandler
                0x08000dc0                SDMMC2_IRQHandler
                0x08000dc0                DTS_IRQHandler
                0x08000dc0                UART7_IRQHandler
                0x08000dc0                MDIOS_WKUP_IRQHandler
                0x08000dc0                USART2_IRQHandler
                0x08000dc0                DFSDM1_FLT0_IRQHandler
                0x08000dc0                I2C2_ER_IRQHandler
                0x08000dc0                DMA2_Stream1_IRQHandler
                0x08000dc0                DFSDM1_FLT7_IRQHandler
                0x08000dc0                FLASH_IRQHandler
                0x08000dc0                DMA2_Stream4_IRQHandler
                0x08000dc0                USART1_IRQHandler
                0x08000dc0                SPI3_IRQHandler
                0x08000dc0                WAKEUP_PIN_IRQHandler
                0x08000dc0                DMA1_Stream4_IRQHandler
                0x08000dc0                I2C1_ER_IRQHandler
                0x08000dc0                FMC_IRQHandler
                0x08000dc0                BDMA2_Channel7_IRQHandler
                0x08000dc0                FDCAN_CAL_IRQHandler
                0x08000dc0                SWPMI1_IRQHandler
                0x08000dc0                LPTIM1_IRQHandler
                0x08000dc0                DCMI_PSSI_IRQHandler
                0x08000dc0                I2C4_ER_IRQHandler
                0x08000dc0                DMA2_Stream6_IRQHandler
                0x08000dc0                SAI1_IRQHandler
                0x08000dc0                DMA1_Stream3_IRQHandler
                0x08000dc0                RTC_TAMP_STAMP_CSS_LSE_IRQHandler
                0x08000dc0                BDMA2_Channel4_IRQHandler
 *fill*         0x08000dc2        0x2 
 .text.BSP_LED_Init
                0x08000dc4       0xec ./Drivers/BSP/STM32H7xx_Nucleo/stm32h7xx_nucleo.o
                0x08000dc4                BSP_LED_Init
 .text.BSP_PB_Init
                0x08000eb0       0xe4 ./Drivers/BSP/STM32H7xx_Nucleo/stm32h7xx_nucleo.o
                0x08000eb0                BSP_PB_Init
 .text.BSP_PB_IRQHandler
                0x08000f94       0x24 ./Drivers/BSP/STM32H7xx_Nucleo/stm32h7xx_nucleo.o
                0x08000f94                BSP_PB_IRQHandler
 .text.BSP_PB_Callback
                0x08000fb8       0x16 ./Drivers/BSP/STM32H7xx_Nucleo/stm32h7xx_nucleo.o
                0x08000fb8                BSP_PB_Callback
 *fill*         0x08000fce        0x2 
 .text.BSP_COM_Init
                0x08000fd0       0x60 ./Drivers/BSP/STM32H7xx_Nucleo/stm32h7xx_nucleo.o
                0x08000fd0                BSP_COM_Init
 .text.MX_USART3_Init
                0x08001030       0x64 ./Drivers/BSP/STM32H7xx_Nucleo/stm32h7xx_nucleo.o
                0x08001030                MX_USART3_Init
 .text.BUTTON_USER_EXTI_Callback
                0x08001094        0xe ./Drivers/BSP/STM32H7xx_Nucleo/stm32h7xx_nucleo.o
 *fill*         0x080010a2        0x2 
 .text.COM1_MspInit
                0x080010a4       0xb0 ./Drivers/BSP/STM32H7xx_Nucleo/stm32h7xx_nucleo.o
 .text.HAL_Init
                0x08001154       0x78 ./Drivers/STM32H7xx_HAL_Driver/Src/stm32h7xx_hal.o
                0x08001154                HAL_Init
 .text.HAL_IncTick
                0x080011cc       0x28 ./Drivers/STM32H7xx_HAL_Driver/Src/stm32h7xx_hal.o
                0x080011cc                HAL_IncTick
 .text.HAL_GetTick
                0x080011f4       0x18 ./Drivers/STM32H7xx_HAL_Driver/Src/stm32h7xx_hal.o
                0x080011f4                HAL_GetTick
 .text.__NVIC_SetPriorityGrouping
                0x0800120c       0x48 ./Drivers/STM32H7xx_HAL_Driver/Src/stm32h7xx_hal_cortex.o
 .text.__NVIC_GetPriorityGrouping
                0x08001254       0x1c ./Drivers/STM32H7xx_HAL_Driver/Src/stm32h7xx_hal_cortex.o
 .text.__NVIC_EnableIRQ
                0x08001270       0x3c ./Drivers/STM32H7xx_HAL_Driver/Src/stm32h7xx_hal_cortex.o
 .text.__NVIC_SetPriority
                0x080012ac       0x54 ./Drivers/STM32H7xx_HAL_Driver/Src/stm32h7xx_hal_cortex.o
 .text.NVIC_EncodePriority
                0x08001300       0x66 ./Drivers/STM32H7xx_HAL_Driver/Src/stm32h7xx_hal_cortex.o
 .text.HAL_NVIC_SetPriorityGrouping
                0x08001366       0x16 ./Drivers/STM32H7xx_HAL_Driver/Src/stm32h7xx_hal_cortex.o
                0x08001366                HAL_NVIC_SetPriorityGrouping
 .text.HAL_NVIC_SetPriority
                0x0800137c       0x34 ./Drivers/STM32H7xx_HAL_Driver/Src/stm32h7xx_hal_cortex.o
                0x0800137c                HAL_NVIC_SetPriority
 .text.HAL_NVIC_EnableIRQ
                0x080013b0       0x1c ./Drivers/STM32H7xx_HAL_Driver/Src/stm32h7xx_hal_cortex.o
                0x080013b0                HAL_NVIC_EnableIRQ
 .text.HAL_MPU_Disable
                0x080013cc       0x30 ./Drivers/STM32H7xx_HAL_Driver/Src/stm32h7xx_hal_cortex.o
                0x080013cc                HAL_MPU_Disable
 .text.HAL_MPU_Enable
                0x080013fc       0x40 ./Drivers/STM32H7xx_HAL_Driver/Src/stm32h7xx_hal_cortex.o
                0x080013fc                HAL_MPU_Enable
 .text.HAL_MPU_ConfigRegion
                0x0800143c       0x80 ./Drivers/STM32H7xx_HAL_Driver/Src/stm32h7xx_hal_cortex.o
                0x0800143c                HAL_MPU_ConfigRegion
 .text.HAL_EXTI_RegisterCallback
                0x080014bc       0x3e ./Drivers/STM32H7xx_HAL_Driver/Src/stm32h7xx_hal_exti.o
                0x080014bc                HAL_EXTI_RegisterCallback
 .text.HAL_EXTI_GetHandle
                0x080014fa       0x28 ./Drivers/STM32H7xx_HAL_Driver/Src/stm32h7xx_hal_exti.o
                0x080014fa                HAL_EXTI_GetHandle
 *fill*         0x08001522        0x2 
 .text.HAL_EXTI_IRQHandler
                0x08001524       0x60 ./Drivers/STM32H7xx_HAL_Driver/Src/stm32h7xx_hal_exti.o
                0x08001524                HAL_EXTI_IRQHandler
 .text.HAL_GPIO_Init
                0x08001584      0x360 ./Drivers/STM32H7xx_HAL_Driver/Src/stm32h7xx_hal_gpio.o
                0x08001584                HAL_GPIO_Init
 .text.HAL_GPIO_WritePin
                0x080018e4       0x32 ./Drivers/STM32H7xx_HAL_Driver/Src/stm32h7xx_hal_gpio.o
                0x080018e4                HAL_GPIO_WritePin
 .text.HAL_GPIO_EXTI_IRQHandler
                0x08001916       0x34 ./Drivers/STM32H7xx_HAL_Driver/Src/stm32h7xx_hal_gpio.o
                0x08001916                HAL_GPIO_EXTI_IRQHandler
 *fill*         0x0800194a        0x2 
 .text.HAL_I2C_Init
                0x0800194c      0x138 ./Drivers/STM32H7xx_HAL_Driver/Src/stm32h7xx_hal_i2c.o
                0x0800194c                HAL_I2C_Init
 .text.HAL_I2CEx_ConfigAnalogFilter
                0x08001a84       0x96 ./Drivers/STM32H7xx_HAL_Driver/Src/stm32h7xx_hal_i2c_ex.o
                0x08001a84                HAL_I2CEx_ConfigAnalogFilter
 .text.HAL_I2CEx_ConfigDigitalFilter
                0x08001b1a       0x98 ./Drivers/STM32H7xx_HAL_Driver/Src/stm32h7xx_hal_i2c_ex.o
                0x08001b1a                HAL_I2CEx_ConfigDigitalFilter
 *fill*         0x08001bb2        0x2 
 .text.HAL_PWREx_ConfigSupply
                0x08001bb4       0xb4 ./Drivers/STM32H7xx_HAL_Driver/Src/stm32h7xx_hal_pwr_ex.o
                0x08001bb4                HAL_PWREx_ConfigSupply
 .text.HAL_RCC_OscConfig
                0x08001c68      0x864 ./Drivers/STM32H7xx_HAL_Driver/Src/stm32h7xx_hal_rcc.o
                0x08001c68                HAL_RCC_OscConfig
 .text.HAL_RCC_ClockConfig
                0x080024cc      0x36c ./Drivers/STM32H7xx_HAL_Driver/Src/stm32h7xx_hal_rcc.o
                0x080024cc                HAL_RCC_ClockConfig
 .text.HAL_RCC_GetSysClockFreq
                0x08002838      0x2f4 ./Drivers/STM32H7xx_HAL_Driver/Src/stm32h7xx_hal_rcc.o
                0x08002838                HAL_RCC_GetSysClockFreq
 .text.HAL_RCC_GetHCLKFreq
                0x08002b2c       0x60 ./Drivers/STM32H7xx_HAL_Driver/Src/stm32h7xx_hal_rcc.o
                0x08002b2c                HAL_RCC_GetHCLKFreq
 .text.HAL_RCC_GetPCLK1Freq
                0x08002b8c       0x2c ./Drivers/STM32H7xx_HAL_Driver/Src/stm32h7xx_hal_rcc.o
                0x08002b8c                HAL_RCC_GetPCLK1Freq
 .text.HAL_RCC_GetPCLK2Freq
                0x08002bb8       0x2c ./Drivers/STM32H7xx_HAL_Driver/Src/stm32h7xx_hal_rcc.o
                0x08002bb8                HAL_RCC_GetPCLK2Freq
 .text.HAL_RCC_GetClockConfig
                0x08002be4       0x84 ./Drivers/STM32H7xx_HAL_Driver/Src/stm32h7xx_hal_rcc.o
                0x08002be4                HAL_RCC_GetClockConfig
 .text.HAL_RCCEx_PeriphCLKConfig
                0x08002c68     0x137c ./Drivers/STM32H7xx_HAL_Driver/Src/stm32h7xx_hal_rcc_ex.o
                0x08002c68                HAL_RCCEx_PeriphCLKConfig
 .text.HAL_RCCEx_GetD3PCLK1Freq
                0x08003fe4       0x2c ./Drivers/STM32H7xx_HAL_Driver/Src/stm32h7xx_hal_rcc_ex.o
                0x08003fe4                HAL_RCCEx_GetD3PCLK1Freq
 .text.HAL_RCCEx_GetPLL2ClockFreq
                0x08004010      0x2a8 ./Drivers/STM32H7xx_HAL_Driver/Src/stm32h7xx_hal_rcc_ex.o
                0x08004010                HAL_RCCEx_GetPLL2ClockFreq
 .text.HAL_RCCEx_GetPLL3ClockFreq
                0x080042b8      0x2a8 ./Drivers/STM32H7xx_HAL_Driver/Src/stm32h7xx_hal_rcc_ex.o
                0x080042b8                HAL_RCCEx_GetPLL3ClockFreq
 .text.RCCEx_PLL2_Config
                0x08004560      0x164 ./Drivers/STM32H7xx_HAL_Driver/Src/stm32h7xx_hal_rcc_ex.o
 .text.RCCEx_PLL3_Config
                0x080046c4      0x164 ./Drivers/STM32H7xx_HAL_Driver/Src/stm32h7xx_hal_rcc_ex.o
 .text.HAL_TIM_Base_Init
                0x08004828       0xae ./Drivers/STM32H7xx_HAL_Driver/Src/stm32h7xx_hal_tim.o
                0x08004828                HAL_TIM_Base_Init
 .text.HAL_TIM_Base_MspInit
                0x080048d6       0x14 ./Drivers/STM32H7xx_HAL_Driver/Src/stm32h7xx_hal_tim.o
                0x080048d6                HAL_TIM_Base_MspInit
 *fill*         0x080048ea        0x2 
 .text.HAL_TIM_Base_Start_IT
                0x080048ec       0xf0 ./Drivers/STM32H7xx_HAL_Driver/Src/stm32h7xx_hal_tim.o
                0x080048ec                HAL_TIM_Base_Start_IT
 .text.HAL_TIM_IRQHandler
                0x080049dc      0x20e ./Drivers/STM32H7xx_HAL_Driver/Src/stm32h7xx_hal_tim.o
                0x080049dc                HAL_TIM_IRQHandler
 .text.HAL_TIM_OC_DelayElapsedCallback
                0x08004bea       0x14 ./Drivers/STM32H7xx_HAL_Driver/Src/stm32h7xx_hal_tim.o
                0x08004bea                HAL_TIM_OC_DelayElapsedCallback
 .text.HAL_TIM_IC_CaptureCallback
                0x08004bfe       0x14 ./Drivers/STM32H7xx_HAL_Driver/Src/stm32h7xx_hal_tim.o
                0x08004bfe                HAL_TIM_IC_CaptureCallback
 .text.HAL_TIM_PWM_PulseFinishedCallback
                0x08004c12       0x14 ./Drivers/STM32H7xx_HAL_Driver/Src/stm32h7xx_hal_tim.o
                0x08004c12                HAL_TIM_PWM_PulseFinishedCallback
 .text.HAL_TIM_TriggerCallback
                0x08004c26       0x14 ./Drivers/STM32H7xx_HAL_Driver/Src/stm32h7xx_hal_tim.o
                0x08004c26                HAL_TIM_TriggerCallback
 *fill*         0x08004c3a        0x2 
 .text.TIM_Base_SetConfig
                0x08004c3c      0x140 ./Drivers/STM32H7xx_HAL_Driver/Src/stm32h7xx_hal_tim.o
                0x08004c3c                TIM_Base_SetConfig
 .text.HAL_TIMEx_CommutCallback
                0x08004d7c       0x14 ./Drivers/STM32H7xx_HAL_Driver/Src/stm32h7xx_hal_tim_ex.o
                0x08004d7c                HAL_TIMEx_CommutCallback
 .text.HAL_TIMEx_BreakCallback
                0x08004d90       0x14 ./Drivers/STM32H7xx_HAL_Driver/Src/stm32h7xx_hal_tim_ex.o
                0x08004d90                HAL_TIMEx_BreakCallback
 .text.HAL_TIMEx_Break2Callback
                0x08004da4       0x14 ./Drivers/STM32H7xx_HAL_Driver/Src/stm32h7xx_hal_tim_ex.o
                0x08004da4                HAL_TIMEx_Break2Callback
 .text.HAL_UART_Init
                0x08004db8       0xa0 ./Drivers/STM32H7xx_HAL_Driver/Src/stm32h7xx_hal_uart.o
                0x08004db8                HAL_UART_Init
 .text.HAL_UART_MspInit
                0x08004e58       0x14 ./Drivers/STM32H7xx_HAL_Driver/Src/stm32h7xx_hal_uart.o
                0x08004e58                HAL_UART_MspInit
 .text.UART_SetConfig
                0x08004e6c      0xcd8 ./Drivers/STM32H7xx_HAL_Driver/Src/stm32h7xx_hal_uart.o
                0x08004e6c                UART_SetConfig
 .text.UART_AdvFeatureConfig
                0x08005b44      0x144 ./Drivers/STM32H7xx_HAL_Driver/Src/stm32h7xx_hal_uart.o
                0x08005b44                UART_AdvFeatureConfig
 .text.UART_CheckIdleState
                0x08005c88      0x154 ./Drivers/STM32H7xx_HAL_Driver/Src/stm32h7xx_hal_uart.o
                0x08005c88                UART_CheckIdleState
 .text.UART_WaitOnFlagUntilTimeout
                0x08005ddc       0xda ./Drivers/STM32H7xx_HAL_Driver/Src/stm32h7xx_hal_uart.o
                0x08005ddc                UART_WaitOnFlagUntilTimeout
 *fill*         0x08005eb6        0x2 
 .text.UART_EndRxTransfer
                0x08005eb8       0xcc ./Drivers/STM32H7xx_HAL_Driver/Src/stm32h7xx_hal_uart.o
 .text.__NVIC_SetPriority
                0x08005f84       0x54 ./Middlewares/Third_Party/FreeRTOS/Source/CMSIS_RTOS_V2/cmsis_os2.o
 .text.SysTick_Handler
                0x08005fd8       0x20 ./Middlewares/Third_Party/FreeRTOS/Source/CMSIS_RTOS_V2/cmsis_os2.o
                0x08005fd8                SysTick_Handler
 .text.SVC_Setup
                0x08005ff8       0x12 ./Middlewares/Third_Party/FreeRTOS/Source/CMSIS_RTOS_V2/cmsis_os2.o
 *fill*         0x0800600a        0x2 
 .text.osKernelInitialize
                0x0800600c       0x48 ./Middlewares/Third_Party/FreeRTOS/Source/CMSIS_RTOS_V2/cmsis_os2.o
                0x0800600c                osKernelInitialize
 .text.osKernelStart
                0x08006054       0x4c ./Middlewares/Third_Party/FreeRTOS/Source/CMSIS_RTOS_V2/cmsis_os2.o
                0x08006054                osKernelStart
 .text.osThreadNew
                0x080060a0      0x124 ./Middlewares/Third_Party/FreeRTOS/Source/CMSIS_RTOS_V2/cmsis_os2.o
                0x080060a0                osThreadNew
 .text.osDelay  0x080061c4       0x36 ./Middlewares/Third_Party/FreeRTOS/Source/CMSIS_RTOS_V2/cmsis_os2.o
                0x080061c4                osDelay
 *fill*         0x080061fa        0x2 
 .text.vApplicationGetIdleTaskMemory
                0x080061fc       0x34 ./Middlewares/Third_Party/FreeRTOS/Source/CMSIS_RTOS_V2/cmsis_os2.o
                0x080061fc                vApplicationGetIdleTaskMemory
 .text.vApplicationGetTimerTaskMemory
                0x08006230       0x34 ./Middlewares/Third_Party/FreeRTOS/Source/CMSIS_RTOS_V2/cmsis_os2.o
                0x08006230                vApplicationGetTimerTaskMemory
 .text.vListInitialise
                0x08006264       0x40 ./Middlewares/Third_Party/FreeRTOS/Source/list.o
                0x08006264                vListInitialise
 .text.vListInitialiseItem
                0x080062a4       0x1a ./Middlewares/Third_Party/FreeRTOS/Source/list.o
                0x080062a4                vListInitialiseItem
 .text.vListInsertEnd
                0x080062be       0x48 ./Middlewares/Third_Party/FreeRTOS/Source/list.o
                0x080062be                vListInsertEnd
 .text.vListInsert
                0x08006306       0x72 ./Middlewares/Third_Party/FreeRTOS/Source/list.o
                0x08006306                vListInsert
 .text.uxListRemove
                0x08006378       0x54 ./Middlewares/Third_Party/FreeRTOS/Source/list.o
                0x08006378                uxListRemove
 .text.xQueueGenericReset
                0x080063cc       0xd4 ./Middlewares/Third_Party/FreeRTOS/Source/queue.o
                0x080063cc                xQueueGenericReset
 .text.xQueueGenericCreateStatic
                0x080064a0       0xfa ./Middlewares/Third_Party/FreeRTOS/Source/queue.o
                0x080064a0                xQueueGenericCreateStatic
 .text.prvInitialiseNewQueue
                0x0800659a       0x46 ./Middlewares/Third_Party/FreeRTOS/Source/queue.o
 .text.xQueueGenericSend
                0x080065e0      0x204 ./Middlewares/Third_Party/FreeRTOS/Source/queue.o
                0x080065e0                xQueueGenericSend
 .text.xQueueGenericSendFromISR
                0x080067e4      0x13c ./Middlewares/Third_Party/FreeRTOS/Source/queue.o
                0x080067e4                xQueueGenericSendFromISR
 .text.xQueueReceive
                0x08006920      0x1c4 ./Middlewares/Third_Party/FreeRTOS/Source/queue.o
                0x08006920                xQueueReceive
 .text.prvCopyDataToQueue
                0x08006ae4       0xd4 ./Middlewares/Third_Party/FreeRTOS/Source/queue.o
 .text.prvCopyDataFromQueue
                0x08006bb8       0x4c ./Middlewares/Third_Party/FreeRTOS/Source/queue.o
 .text.prvUnlockQueue
                0x08006c04       0xa4 ./Middlewares/Third_Party/FreeRTOS/Source/queue.o
 .text.prvIsQueueEmpty
                0x08006ca8       0x2c ./Middlewares/Third_Party/FreeRTOS/Source/queue.o
 .text.prvIsQueueFull
                0x08006cd4       0x30 ./Middlewares/Third_Party/FreeRTOS/Source/queue.o
 .text.vQueueAddToRegistry
                0x08006d04       0x54 ./Middlewares/Third_Party/FreeRTOS/Source/queue.o
                0x08006d04                vQueueAddToRegistry
 .text.vQueueWaitForMessageRestricted
                0x08006d58       0x68 ./Middlewares/Third_Party/FreeRTOS/Source/queue.o
                0x08006d58                vQueueWaitForMessageRestricted
 .text.xTaskCreateStatic
                0x08006dc0       0xc0 ./Middlewares/Third_Party/FreeRTOS/Source/tasks.o
                0x08006dc0                xTaskCreateStatic
 .text.xTaskCreate
                0x08006e80       0x8a ./Middlewares/Third_Party/FreeRTOS/Source/tasks.o
                0x08006e80                xTaskCreate
 .text.prvInitialiseNewTask
                0x08006f0a      0x120 ./Middlewares/Third_Party/FreeRTOS/Source/tasks.o
 *fill*         0x0800702a        0x2 
 .text.prvAddNewTaskToReadyList
                0x0800702c       0xe0 ./Middlewares/Third_Party/FreeRTOS/Source/tasks.o
 .text.vTaskDelay
                0x0800710c       0x6c ./Middlewares/Third_Party/FreeRTOS/Source/tasks.o
                0x0800710c                vTaskDelay
 .text.vTaskStartScheduler
                0x08007178       0xd0 ./Middlewares/Third_Party/FreeRTOS/Source/tasks.o
                0x08007178                vTaskStartScheduler
 .text.vTaskSuspendAll
                0x08007248       0x1c ./Middlewares/Third_Party/FreeRTOS/Source/tasks.o
                0x08007248                vTaskSuspendAll
 .text.xTaskResumeAll
                0x08007264      0x13c ./Middlewares/Third_Party/FreeRTOS/Source/tasks.o
                0x08007264                xTaskResumeAll
 .text.xTaskGetTickCount
                0x080073a0       0x20 ./Middlewares/Third_Party/FreeRTOS/Source/tasks.o
                0x080073a0                xTaskGetTickCount
 .text.xTaskIncrementTick
                0x080073c0      0x174 ./Middlewares/Third_Party/FreeRTOS/Source/tasks.o
                0x080073c0                xTaskIncrementTick
 .text.vTaskSwitchContext
                0x08007534       0xbc ./Middlewares/Third_Party/FreeRTOS/Source/tasks.o
                0x08007534                vTaskSwitchContext
 .text.vTaskPlaceOnEventList
                0x080075f0       0x4c ./Middlewares/Third_Party/FreeRTOS/Source/tasks.o
                0x080075f0                vTaskPlaceOnEventList
 .text.vTaskPlaceOnEventListRestricted
                0x0800763c       0x58 ./Middlewares/Third_Party/FreeRTOS/Source/tasks.o
                0x0800763c                vTaskPlaceOnEventListRestricted
 .text.xTaskRemoveFromEventList
                0x08007694       0xc8 ./Middlewares/Third_Party/FreeRTOS/Source/tasks.o
                0x08007694                xTaskRemoveFromEventList
 .text.vTaskInternalSetTimeOutState
                0x0800775c       0x2c ./Middlewares/Third_Party/FreeRTOS/Source/tasks.o
                0x0800775c                vTaskInternalSetTimeOutState
 .text.xTaskCheckForTimeOut
                0x08007788       0xc8 ./Middlewares/Third_Party/FreeRTOS/Source/tasks.o
                0x08007788                xTaskCheckForTimeOut
 .text.vTaskMissedYield
                0x08007850       0x18 ./Middlewares/Third_Party/FreeRTOS/Source/tasks.o
                0x08007850                vTaskMissedYield
 .text.prvIdleTask
                0x08007868       0x30 ./Middlewares/Third_Party/FreeRTOS/Source/tasks.o
 .text.prvInitialiseTaskLists
                0x08007898       0x80 ./Middlewares/Third_Party/FreeRTOS/Source/tasks.o
 .text.prvCheckTasksWaitingTermination
                0x08007918       0x5c ./Middlewares/Third_Party/FreeRTOS/Source/tasks.o
 .text.prvDeleteTCB
                0x08007974       0x60 ./Middlewares/Third_Party/FreeRTOS/Source/tasks.o
 .text.prvResetNextTaskUnblockTime
                0x080079d4       0x40 ./Middlewares/Third_Party/FreeRTOS/Source/tasks.o
 .text.xTaskGetSchedulerState
                0x08007a14       0x3c ./Middlewares/Third_Party/FreeRTOS/Source/tasks.o
                0x08007a14                xTaskGetSchedulerState
 .text.xTaskPriorityDisinherit
                0x08007a50       0xe0 ./Middlewares/Third_Party/FreeRTOS/Source/tasks.o
                0x08007a50                xTaskPriorityDisinherit
 .text.vTaskNotifyGiveFromISR
                0x08007b30      0x128 ./Middlewares/Third_Party/FreeRTOS/Source/tasks.o
                0x08007b30                vTaskNotifyGiveFromISR
 .text.prvAddCurrentTaskToDelayedList
                0x08007c58       0xa8 ./Middlewares/Third_Party/FreeRTOS/Source/tasks.o
 .text.xTimerCreateTimerTask
                0x08007d00       0x94 ./Middlewares/Third_Party/FreeRTOS/Source/timers.o
                0x08007d00                xTimerCreateTimerTask
 .text.xTimerGenericCommand
                0x08007d94       0x9c ./Middlewares/Third_Party/FreeRTOS/Source/timers.o
                0x08007d94                xTimerGenericCommand
 .text.prvProcessExpiredTimer
                0x08007e30       0x9c ./Middlewares/Third_Party/FreeRTOS/Source/timers.o
 .text.prvTimerTask
                0x08007ecc       0x26 ./Middlewares/Third_Party/FreeRTOS/Source/timers.o
 *fill*         0x08007ef2        0x2 
 .text.prvProcessTimerOrBlockTask
                0x08007ef4       0x9c ./Middlewares/Third_Party/FreeRTOS/Source/timers.o
 .text.prvGetNextExpireTime
                0x08007f90       0x48 ./Middlewares/Third_Party/FreeRTOS/Source/timers.o
 .text.prvSampleTimeNow
                0x08007fd8       0x40 ./Middlewares/Third_Party/FreeRTOS/Source/timers.o
 .text.prvInsertTimerInActiveList
                0x08008018       0x84 ./Middlewares/Third_Party/FreeRTOS/Source/timers.o
 .text.prvProcessReceivedCommands
                0x0800809c      0x1cc ./Middlewares/Third_Party/FreeRTOS/Source/timers.o
 .text.prvSwitchTimerLists
                0x08008268       0xcc ./Middlewares/Third_Party/FreeRTOS/Source/timers.o
 .text.prvCheckForValidListAndQueue
                0x08008334       0x80 ./Middlewares/Third_Party/FreeRTOS/Source/timers.o
 .text.pxPortInitialiseStack
                0x080083b4       0x68 ./Middlewares/Third_Party/FreeRTOS/Source/portable/GCC/ARM_CM4F/port.o
                0x080083b4                pxPortInitialiseStack
 .text.prvTaskExitError
                0x0800841c       0x5c ./Middlewares/Third_Party/FreeRTOS/Source/portable/GCC/ARM_CM4F/port.o
 *fill*         0x08008478        0x8 
 .text.SVC_Handler
                0x08008480       0x28 ./Middlewares/Third_Party/FreeRTOS/Source/portable/GCC/ARM_CM4F/port.o
                0x08008480                SVC_Handler
 .text.prvPortStartFirstTask
                0x080084a8       0x28 ./Middlewares/Third_Party/FreeRTOS/Source/portable/GCC/ARM_CM4F/port.o
 .text.xPortStartScheduler
                0x080084d0      0x148 ./Middlewares/Third_Party/FreeRTOS/Source/portable/GCC/ARM_CM4F/port.o
                0x080084d0                xPortStartScheduler
 .text.vPortEnterCritical
                0x08008618       0x64 ./Middlewares/Third_Party/FreeRTOS/Source/portable/GCC/ARM_CM4F/port.o
                0x08008618                vPortEnterCritical
 .text.vPortExitCritical
                0x0800867c       0x54 ./Middlewares/Third_Party/FreeRTOS/Source/portable/GCC/ARM_CM4F/port.o
                0x0800867c                vPortExitCritical
 .text.PendSV_Handler
                0x080086d0       0x68 ./Middlewares/Third_Party/FreeRTOS/Source/portable/GCC/ARM_CM4F/port.o
                0x080086d0                PendSV_Handler
 .text.xPortSysTickHandler
                0x08008738       0x44 ./Middlewares/Third_Party/FreeRTOS/Source/portable/GCC/ARM_CM4F/port.o
                0x08008738                xPortSysTickHandler
 .text.vPortSetupTimerInterrupt
                0x0800877c       0x48 ./Middlewares/Third_Party/FreeRTOS/Source/portable/GCC/ARM_CM4F/port.o
                0x0800877c                vPortSetupTimerInterrupt
 .text.vPortEnableVFP
                0x080087c4       0x14 ./Middlewares/Third_Party/FreeRTOS/Source/portable/GCC/ARM_CM4F/port.o
 .text.vPortValidateInterruptPriority
                0x080087d8       0x84 ./Middlewares/Third_Party/FreeRTOS/Source/portable/GCC/ARM_CM4F/port.o
                0x080087d8                vPortValidateInterruptPriority
 .text.pvPortMalloc
                0x0800885c      0x19c ./Middlewares/Third_Party/FreeRTOS/Source/portable/MemMang/heap_4.o
                0x0800885c                pvPortMalloc
 .text.vPortFree
                0x080089f8       0xc8 ./Middlewares/Third_Party/FreeRTOS/Source/portable/MemMang/heap_4.o
                0x080089f8                vPortFree
 .text.prvHeapInit
                0x08008ac0       0xc4 ./Middlewares/Third_Party/FreeRTOS/Source/portable/MemMang/heap_4.o
 .text.prvInsertBlockIntoFreeList
                0x08008b84       0xb4 ./Middlewares/Third_Party/FreeRTOS/Source/portable/MemMang/heap_4.o
 .text.memset   0x08008c38       0x10 C:/ST/STM32CubeIDE_2.0.0/STM32CubeIDE/plugins/com.st.stm32cube.ide.mcu.externaltools.gnu-tools-for-stm32.13.3.rel1.win32_1.0.100.202509120712/tools/bin/../lib/gcc/arm-none-eabi/13.3.1/../../../../arm-none-eabi/lib/thumb/v7e-m+dp/hard\libc_nano.a(libc_a-memset.o)
                0x08008c38                memset
 .text.__libc_init_array
                0x08008c48       0x48 C:/ST/STM32CubeIDE_2.0.0/STM32CubeIDE/plugins/com.st.stm32cube.ide.mcu.externaltools.gnu-tools-for-stm32.13.3.rel1.win32_1.0.100.202509120712/tools/bin/../lib/gcc/arm-none-eabi/13.3.1/../../../../arm-none-eabi/lib/thumb/v7e-m+dp/hard\libc_nano.a(libc_a-init.o)
                0x08008c48                __libc_init_array
 .text.memcpy   0x08008c90       0x1c C:/ST/STM32CubeIDE_2.0.0/STM32CubeIDE/plugins/com.st.stm32cube.ide.mcu.externaltools.gnu-tools-for-stm32.13.3.rel1.win32_1.0.100.202509120712/tools/bin/../lib/gcc/arm-none-eabi/13.3.1/../../../../arm-none-eabi/lib/thumb/v7e-m+dp/hard\libc_nano.a(libc_a-memcpy-stub.o)
                0x08008c90                memcpy
 *(.glue_7)
 .glue_7        0x08008cac        0x0 linker stubs
 *(.glue_7t)
 .glue_7t       0x08008cac        0x0 linker stubs
 *(.eh_frame)
 .eh_frame      0x08008cac        0x0 C:/ST/STM32CubeIDE_2.0.0/STM32CubeIDE/plugins/com.st.stm32cube.ide.mcu.externaltools.gnu-tools-for-stm32.13.3.rel1.win32_1.0.100.202509120712/tools/bin/../lib/gcc/arm-none-eabi/13.3.1/thumb/v7e-m+dp/hard/crtbegin.o
 *(.init)
 .init          0x08008cac        0x4 C:/ST/STM32CubeIDE_2.0.0/STM32CubeIDE/plugins/com.st.stm32cube.ide.mcu.externaltools.gnu-tools-for-stm32.13.3.rel1.win32_1.0.100.202509120712/tools/bin/../lib/gcc/arm-none-eabi/13.3.1/thumb/v7e-m+dp/hard/crti.o
                0x08008cac                _init
 .init          0x08008cb0        0x8 C:/ST/STM32CubeIDE_2.0.0/STM32CubeIDE/plugins/com.st.stm32cube.ide.mcu.externaltools.gnu-tools-for-stm32.13.3.rel1.win32_1.0.100.202509120712/tools/bin/../lib/gcc/arm-none-eabi/13.3.1/thumb/v7e-m+dp/hard/crtn.o
 *(.fini)
 .fini          0x08008cb8        0x4 C:/ST/STM32CubeIDE_2.0.0/STM32CubeIDE/plugins/com.st.stm32cube.ide.mcu.externaltools.gnu-tools-for-stm32.13.3.rel1.win32_1.0.100.202509120712/tools/bin/../lib/gcc/arm-none-eabi/13.3.1/thumb/v7e-m+dp/hard/crti.o
                0x08008cb8                _fini
 .fini          0x08008cbc        0x8 C:/ST/STM32CubeIDE_2.0.0/STM32CubeIDE/plugins/com.st.stm32cube.ide.mcu.externaltools.gnu-tools-for-stm32.13.3.rel1.win32_1.0.100.202509120712/tools/bin/../lib/gcc/arm-none-eabi/13.3.1/thumb/v7e-m+dp/hard/crtn.o
                0x08008cc4                        . = ALIGN (0x4)
                0x08008cc4                        _etext = .

.vfp11_veneer   0x08008cc4        0x0
 .vfp11_veneer  0x08008cc4        0x0 linker stubs

.v4_bx          0x08008cc4        0x0
 .v4_bx         0x08008cc4        0x0 linker stubs

.iplt           0x08008cc4        0x0
 .iplt          0x08008cc4        0x0 C:/ST/STM32CubeIDE_2.0.0/STM32CubeIDE/plugins/com.st.stm32cube.ide.mcu.externaltools.gnu-tools-for-stm32.13.3.rel1.win32_1.0.100.202509120712/tools/bin/../lib/gcc/arm-none-eabi/13.3.1/thumb/v7e-m+dp/hard/crtbegin.o

.rodata         0x08008cc4       0x7c
                0x08008cc4                        . = ALIGN (0x4)
 *(.rodata)
 .rodata        0x08008cc4        0xc ./Core/Src/freertos.o
 .rodata        0x08008cd0        0x5 ./Middlewares/Third_Party/FreeRTOS/Source/tasks.o
 *fill*         0x08008cd5        0x3 
 .rodata        0x08008cd8        0xd ./Middlewares/Third_Party/FreeRTOS/Source/timers.o
 *(.rodata*)
 *fill*         0x08008ce5        0x3 
 .rodata.defaultTask_attributes
                0x08008ce8       0x24 ./Core/Src/freertos.o
                0x08008ce8                defaultTask_attributes
 .rodata.D1CorePrescTable
                0x08008d0c       0x10 ./Core/Src/system_stm32h7xx.o
                0x08008d0c                D1CorePrescTable
 .rodata.LED_PIN
                0x08008d1c        0x6 ./Drivers/BSP/STM32H7xx_Nucleo/stm32h7xx_nucleo.o
 *fill*         0x08008d22        0x2 
 .rodata.BUTTON_EXTI_LINE.2
                0x08008d24        0x4 ./Drivers/BSP/STM32H7xx_Nucleo/stm32h7xx_nucleo.o
 .rodata.UARTPrescTable
                0x08008d28       0x18 ./Drivers/STM32H7xx_HAL_Driver/Src/stm32h7xx_hal_uart.o
                0x08008d28                UARTPrescTable
                0x08008d40                        . = ALIGN (0x4)

.ARM.extab
 *(.ARM.extab* .gnu.linkonce.armextab.*)

.ARM            0x08008d40        0x8
                0x08008d40                        __exidx_start = .
 *(.ARM.exidx*)
 .ARM.exidx     0x08008d40        0x8 C:/ST/STM32CubeIDE_2.0.0/STM32CubeIDE/plugins/com.st.stm32cube.ide.mcu.externaltools.gnu-tools-for-stm32.13.3.rel1.win32_1.0.100.202509120712/tools/bin/../lib/gcc/arm-none-eabi/13.3.1/thumb/v7e-m+dp/hard\libgcc.a(_udivmoddi4.o)
                0x08008d48                        __exidx_end = .

.preinit_array  0x08008d48        0x0
                0x08008d48                        PROVIDE (__preinit_array_start = .)
 *(.preinit_array*)
                0x08008d48                        PROVIDE (__preinit_array_end = .)

.init_array     0x08008d48        0x4
                0x08008d48                        PROVIDE (__init_array_start = .)
 *(SORT_BY_NAME(.init_array.*))
 *(.init_array*)
 .init_array    0x08008d48        0x4 C:/ST/STM32CubeIDE_2.0.0/STM32CubeIDE/plugins/com.st.stm32cube.ide.mcu.externaltools.gnu-tools-for-stm32.13.3.rel1.win32_1.0.100.202509120712/tools/bin/../lib/gcc/arm-none-eabi/13.3.1/thumb/v7e-m+dp/hard/crtbegin.o
                0x08008d4c                        PROVIDE (__init_array_end = .)

.fini_array     0x08008d4c        0x4
                [!provide]                        PROVIDE (__fini_array_start = .)
 *(SORT_BY_NAME(.fini_array.*))
 *(.fini_array*)
 .fini_array    0x08008d4c        0x4 C:/ST/STM32CubeIDE_2.0.0/STM32CubeIDE/plugins/com.st.stm32cube.ide.mcu.externaltools.gnu-tools-for-stm32.13.3.rel1.win32_1.0.100.202509120712/tools/bin/../lib/gcc/arm-none-eabi/13.3.1/thumb/v7e-m+dp/hard/crtbegin.o
                [!provide]                        PROVIDE (__fini_array_end = .)
                0x08008d50                        _sidata = LOADADDR (.data)

.rel.dyn        0x08008d50        0x0
 .rel.iplt      0x08008d50        0x0 C:/ST/STM32CubeIDE_2.0.0/STM32CubeIDE/plugins/com.st.stm32cube.ide.mcu.externaltools.gnu-tools-for-stm32.13.3.rel1.win32_1.0.100.202509120712/tools/bin/../lib/gcc/arm-none-eabi/13.3.1/thumb/v7e-m+dp/hard/crtbegin.o

.data           0x24000000       0x30 load address 0x08008d50
                0x24000000                        . = ALIGN (0x4)
                0x24000000                        _sdata = .
 *(.data)
 *(.data*)
 .data.SystemCoreClock
                0x24000000        0x4 ./Core/Src/system_stm32h7xx.o
                0x24000000                SystemCoreClock
 .data.SystemD2Clock
                0x24000004        0x4 ./Core/Src/system_stm32h7xx.o
                0x24000004                SystemD2Clock
 .data.COM_USART
                0x24000008        0x4 ./Drivers/BSP/STM32H7xx_Nucleo/stm32h7xx_nucleo.o
                0x24000008                COM_USART
 .data.LED_PORT
                0x2400000c        0xc ./Drivers/BSP/STM32H7xx_Nucleo/stm32h7xx_nucleo.o
 .data.BUTTON_PORT
                0x24000018        0x4 ./Drivers/BSP/STM32H7xx_Nucleo/stm32h7xx_nucleo.o
 .data.ButtonCallback.1
                0x2400001c        0x4 ./Drivers/BSP/STM32H7xx_Nucleo/stm32h7xx_nucleo.o
 .data.BSP_BUTTON_PRIO.0
                0x24000020        0x4 ./Drivers/BSP/STM32H7xx_Nucleo/stm32h7xx_nucleo.o
 .data.uwTickPrio
                0x24000024        0x4 ./Drivers/STM32H7xx_HAL_Driver/Src/stm32h7xx_hal.o
                0x24000024                uwTickPrio
 .data.uwTickFreq
                0x24000028        0x1 ./Drivers/STM32H7xx_HAL_Driver/Src/stm32h7xx_hal.o
                0x24000028                uwTickFreq
 *fill*         0x24000029        0x3 
 .data.uxCriticalNesting
                0x2400002c        0x4 ./Middlewares/Third_Party/FreeRTOS/Source/portable/GCC/ARM_CM4F/port.o
 *(.RamFunc)
 *(.RamFunc*)
                0x24000030                        . = ALIGN (0x4)
                0x24000030                        _edata = .

.igot.plt       0x24000030        0x0 load address 0x08008d80
 .igot.plt      0x24000030        0x0 C:/ST/STM32CubeIDE_2.0.0/STM32CubeIDE/plugins/com.st.stm32cube.ide.mcu.externaltools.gnu-tools-for-stm32.13.3.rel1.win32_1.0.100.202509120712/tools/bin/../lib/gcc/arm-none-eabi/13.3.1/thumb/v7e-m+dp/hard/crtbegin.o
                0x24000030                        . = ALIGN (0x4)

.bss            0x24000030     0x4ac4 load address 0x08008d80
                0x24000030                        _sbss = .
                0x24000030                        __bss_start__ = _sbss
 *(.bss)
 .bss           0x24000030       0x1c C:/ST/STM32CubeIDE_2.0.0/STM32CubeIDE/plugins/com.st.stm32cube.ide.mcu.externaltools.gnu-tools-for-stm32.13.3.rel1.win32_1.0.100.202509120712/tools/bin/../lib/gcc/arm-none-eabi/13.3.1/thumb/v7e-m+dp/hard/crtbegin.o
 *(.bss*)
 .bss.defaultTaskHandle
                0x2400004c        0x4 ./Core/Src/freertos.o
                0x2400004c                defaultTaskHandle
 .bss.hi2c1     0x24000050       0x54 ./Core/Src/i2c.o
                0x24000050                hi2c1
 .bss.BspCOMInit
                0x240000a4       0x10 ./Core/Src/main.o
                0x240000a4                BspCOMInit
 .bss.htim6     0x240000b4       0x4c ./Core/Src/stm32h7xx_hal_timebase_tim.o
                0x240000b4                htim6
 .bss.imuTaskHandle
                0x24000100        0x4 ./Core/Src/tasks.o
                0x24000100                imuTaskHandle
 .bss.hpb_exti  0x24000104        0x8 ./Drivers/BSP/STM32H7xx_Nucleo/stm32h7xx_nucleo.o
                0x24000104                hpb_exti
 .bss.hcom_uart
                0x2400010c       0x94 ./Drivers/BSP/STM32H7xx_Nucleo/stm32h7xx_nucleo.o
                0x2400010c                hcom_uart
 .bss.uwTick    0x240001a0        0x4 ./Drivers/STM32H7xx_HAL_Driver/Src/stm32h7xx_hal.o
                0x240001a0                uwTick
 .bss.KernelState
                0x240001a4        0x4 ./Middlewares/Third_Party/FreeRTOS/Source/CMSIS_RTOS_V2/cmsis_os2.o
 .bss.Idle_TCB.3
                0x240001a8       0x5c ./Middlewares/Third_Party/FreeRTOS/Source/CMSIS_RTOS_V2/cmsis_os2.o
 .bss.Idle_Stack.2
                0x24000204      0x200 ./Middlewares/Third_Party/FreeRTOS/Source/CMSIS_RTOS_V2/cmsis_os2.o
 .bss.Timer_TCB.1
                0x24000404       0x5c ./Middlewares/Third_Party/FreeRTOS/Source/CMSIS_RTOS_V2/cmsis_os2.o
 .bss.Timer_Stack.0
                0x24000460      0x400 ./Middlewares/Third_Party/FreeRTOS/Source/CMSIS_RTOS_V2/cmsis_os2.o
 .bss.xQueueRegistry
                0x24000860       0x40 ./Middlewares/Third_Party/FreeRTOS/Source/queue.o
                0x24000860                xQueueRegistry
 .bss.pxCurrentTCB
                0x240008a0        0x4 ./Middlewares/Third_Party/FreeRTOS/Source/tasks.o
                0x240008a0                pxCurrentTCB
 .bss.pxReadyTasksLists
                0x240008a4      0x460 ./Middlewares/Third_Party/FreeRTOS/Source/tasks.o
 .bss.xDelayedTaskList1
                0x24000d04       0x14 ./Middlewares/Third_Party/FreeRTOS/Source/tasks.o
 .bss.xDelayedTaskList2
                0x24000d18       0x14 ./Middlewares/Third_Party/FreeRTOS/Source/tasks.o
 .bss.pxDelayedTaskList
                0x24000d2c        0x4 ./Middlewares/Third_Party/FreeRTOS/Source/tasks.o
 .bss.pxOverflowDelayedTaskList
                0x24000d30        0x4 ./Middlewares/Third_Party/FreeRTOS/Source/tasks.o
 .bss.xPendingReadyList
                0x24000d34       0x14 ./Middlewares/Third_Party/FreeRTOS/Source/tasks.o
 .bss.xTasksWaitingTermination
                0x24000d48       0x14 ./Middlewares/Third_Party/FreeRTOS/Source/tasks.o
 .bss.uxDeletedTasksWaitingCleanUp
                0x24000d5c        0x4 ./Middlewares/Third_Party/FreeRTOS/Source/tasks.o
 .bss.xSuspendedTaskList
                0x24000d60       0x14 ./Middlewares/Third_Party/FreeRTOS/Source/tasks.o
 .bss.uxCurrentNumberOfTasks
                0x24000d74        0x4 ./Middlewares/Third_Party/FreeRTOS/Source/tasks.o
 .bss.xTickCount
                0x24000d78        0x4 ./Middlewares/Third_Party/FreeRTOS/Source/tasks.o
 .bss.uxTopReadyPriority
                0x24000d7c        0x4 ./Middlewares/Third_Party/FreeRTOS/Source/tasks.o
 .bss.xSchedulerRunning
                0x24000d80        0x4 ./Middlewares/Third_Party/FreeRTOS/Source/tasks.o
 .bss.xPendedTicks
                0x24000d84        0x4 ./Middlewares/Third_Party/FreeRTOS/Source/tasks.o
 .bss.xYieldPending
                0x24000d88        0x4 ./Middlewares/Third_Party/FreeRTOS/Source/tasks.o
 .bss.xNumOfOverflows
                0x24000d8c        0x4 ./Middlewares/Third_Party/FreeRTOS/Source/tasks.o
 .bss.uxTaskNumber
                0x24000d90        0x4 ./Middlewares/Third_Party/FreeRTOS/Source/tasks.o
 .bss.xNextTaskUnblockTime
                0x24000d94        0x4 ./Middlewares/Third_Party/FreeRTOS/Source/tasks.o
 .bss.xIdleTaskHandle
                0x24000d98        0x4 ./Middlewares/Third_Party/FreeRTOS/Source/tasks.o
 .bss.uxSchedulerSuspended
                0x24000d9c        0x4 ./Middlewares/Third_Party/FreeRTOS/Source/tasks.o
 .bss.xActiveTimerList1
                0x24000da0       0x14 ./Middlewares/Third_Party/FreeRTOS/Source/timers.o
 .bss.xActiveTimerList2
                0x24000db4       0x14 ./Middlewares/Third_Party/FreeRTOS/Source/timers.o
 .bss.pxCurrentTimerList
                0x24000dc8        0x4 ./Middlewares/Third_Party/FreeRTOS/Source/timers.o
 .bss.pxOverflowTimerList
                0x24000dcc        0x4 ./Middlewares/Third_Party/FreeRTOS/Source/timers.o
 .bss.xTimerQueue
                0x24000dd0        0x4 ./Middlewares/Third_Party/FreeRTOS/Source/timers.o
 .bss.xTimerTaskHandle
                0x24000dd4        0x4 ./Middlewares/Third_Party/FreeRTOS/Source/timers.o
 .bss.xLastTime.2
                0x24000dd8        0x4 ./Middlewares/Third_Party/FreeRTOS/Source/timers.o
 .bss.ucStaticTimerQueueStorage.1
                0x24000ddc       0xa0 ./Middlewares/Third_Party/FreeRTOS/Source/timers.o
 .bss.xStaticTimerQueue.0
                0x24000e7c       0x50 ./Middlewares/Third_Party/FreeRTOS/Source/timers.o
 .bss.ucMaxSysCallPriority
                0x24000ecc        0x1 ./Middlewares/Third_Party/FreeRTOS/Source/portable/GCC/ARM_CM4F/port.o
 *fill*         0x24000ecd        0x3 
 .bss.ulMaxPRIGROUPValue
                0x24000ed0        0x4 ./Middlewares/Third_Party/FreeRTOS/Source/portable/GCC/ARM_CM4F/port.o
 .bss.ucHeap    0x24000ed4     0x3c00 ./Middlewares/Third_Party/FreeRTOS/Source/portable/MemMang/heap_4.o
 .bss.xStart    0x24004ad4        0x8 ./Middlewares/Third_Party/FreeRTOS/Source/portable/MemMang/heap_4.o
 .bss.pxEnd     0x24004adc        0x4 ./Middlewares/Third_Party/FreeRTOS/Source/portable/MemMang/heap_4.o
 .bss.xFreeBytesRemaining
                0x24004ae0        0x4 ./Middlewares/Third_Party/FreeRTOS/Source/portable/MemMang/heap_4.o
 .bss.xMinimumEverFreeBytesRemaining
                0x24004ae4        0x4 ./Middlewares/Third_Party/FreeRTOS/Source/portable/MemMang/heap_4.o
 .bss.xNumberOfSuccessfulAllocations
                0x24004ae8        0x4 ./Middlewares/Third_Party/FreeRTOS/Source/portable/MemMang/heap_4.o
 .bss.xNumberOfSuccessfulFrees
                0x24004aec        0x4 ./Middlewares/Third_Party/FreeRTOS/Source/portable/MemMang/heap_4.o
 .bss.xBlockAllocatedBit
                0x24004af0        0x4 ./Middlewares/Third_Party/FreeRTOS/Source/portable/MemMang/heap_4.o
 *(COMMON)
                0x24004af4                        . = ALIGN (0x4)
                0x24004af4                        _ebss = .
                0x24004af4                        __bss_end__ = _ebss

._user_heap_stack
                0x24004af4      0x604 load address 0x08008d80
                0x24004af8                        . = ALIGN (0x8)
 *fill*         0x24004af4        0x4 
                [!provide]                        PROVIDE (end = .)
                0x24004af8                        PROVIDE (_end = .)
                0x24004cf8                        . = (. + _Min_Heap_Size)
 *fill*         0x24004af8      0x200 
                0x240050f8                        . = (. + _Min_Stack_Size)
 *fill*         0x24004cf8      0x400 
                0x240050f8                        . = ALIGN (0x8)

/DISCARD/
 libc.a(*)
 libm.a(*)
 libgcc.a(*)

.ARM.attributes
                0x00000000       0x2e
 *(.ARM.attributes)
 .ARM.attributes
                0x00000000       0x20 C:/ST/STM32CubeIDE_2.0.0/STM32CubeIDE/plugins/com.st.stm32cube.ide.mcu.externaltools.gnu-tools-for-stm32.13.3.rel1.win32_1.0.100.202509120712/tools/bin/../lib/gcc/arm-none-eabi/13.3.1/thumb/v7e-m+dp/hard/crti.o
 .ARM.attributes
                0x00000020       0x32 C:/ST/STM32CubeIDE_2.0.0/STM32CubeIDE/plugins/com.st.stm32cube.ide.mcu.externaltools.gnu-tools-for-stm32.13.3.rel1.win32_1.0.100.202509120712/tools/bin/../lib/gcc/arm-none-eabi/13.3.1/thumb/v7e-m+dp/hard/crtbegin.o
 .ARM.attributes
                0x00000052       0x32 ./Core/Src/freertos.o
 .ARM.attributes
                0x00000084       0x32 ./Core/Src/gpio.o
 .ARM.attributes
                0x000000b6       0x32 ./Core/Src/i2c.o
 .ARM.attributes
                0x000000e8       0x32 ./Core/Src/imu.o
 .ARM.attributes
                0x0000011a       0x32 ./Core/Src/main.o
 .ARM.attributes
                0x0000014c       0x32 ./Core/Src/stm32h7xx_hal_msp.o
 .ARM.attributes
                0x0000017e       0x32 ./Core/Src/stm32h7xx_hal_timebase_tim.o
 .ARM.attributes
                0x000001b0       0x32 ./Core/Src/stm32h7xx_it.o
 .ARM.attributes
                0x000001e2       0x32 ./Core/Src/system_stm32h7xx.o
 .ARM.attributes
                0x00000214       0x32 ./Core/Src/tasks.o
 .ARM.attributes
                0x00000246       0x21 ./Core/Startup/startup_stm32h7a3zitxq.o
 .ARM.attributes
                0x00000267       0x32 ./Drivers/BSP/STM32H7xx_Nucleo/stm32h7xx_nucleo.o
 .ARM.attributes
                0x00000299       0x32 ./Drivers/STM32H7xx_HAL_Driver/Src/stm32h7xx_hal.o
 .ARM.attributes
                0x000002cb       0x32 ./Drivers/STM32H7xx_HAL_Driver/Src/stm32h7xx_hal_cortex.o
 .ARM.attributes
                0x000002fd       0x32 ./Drivers/STM32H7xx_HAL_Driver/Src/stm32h7xx_hal_exti.o
 .ARM.attributes
                0x0000032f       0x32 ./Drivers/STM32H7xx_HAL_Driver/Src/stm32h7xx_hal_gpio.o
 .ARM.attributes
                0x00000361       0x32 ./Drivers/STM32H7xx_HAL_Driver/Src/stm32h7xx_hal_i2c.o
 .ARM.attributes
                0x00000393       0x32 ./Drivers/STM32H7xx_HAL_Driver/Src/stm32h7xx_hal_i2c_ex.o
 .ARM.attributes
                0x000003c5       0x32 ./Drivers/STM32H7xx_HAL_Driver/Src/stm32h7xx_hal_pwr_ex.o
 .ARM.attributes
                0x000003f7       0x32 ./Drivers/STM32H7xx_HAL_Driver/Src/stm32h7xx_hal_rcc.o
 .ARM.attributes
                0x00000429       0x32 ./Drivers/STM32H7xx_HAL_Driver/Src/stm32h7xx_hal_rcc_ex.o
 .ARM.attributes
                0x0000045b       0x32 ./Drivers/STM32H7xx_HAL_Driver/Src/stm32h7xx_hal_tim.o
 .ARM.attributes
                0x0000048d       0x32 ./Drivers/STM32H7xx_HAL_Driver/Src/stm32h7xx_hal_tim_ex.o
 .ARM.attributes
                0x000004bf       0x32 ./Drivers/STM32H7xx_HAL_Driver/Src/stm32h7xx_hal_uart.o
 .ARM.attributes
                0x000004f1       0x32 ./Middlewares/Third_Party/FreeRTOS/Source/CMSIS_RTOS_V2/cmsis_os2.o
 .ARM.attributes
                0x00000523       0x32 ./Middlewares/Third_Party/FreeRTOS/Source/list.o
 .ARM.attributes
                0x00000555       0x32 ./Middlewares/Third_Party/FreeRTOS/Source/queue.o
 .ARM.attributes
                0x00000587       0x32 ./Middlewares/Third_Party/FreeRTOS/Source/tasks.o
 .ARM.attributes
                0x000005b9       0x32 ./Middlewares/Third_Party/FreeRTOS/Source/timers.o
 .ARM.attributes
                0x000005eb       0x32 ./Middlewares/Third_Party/FreeRTOS/Source/portable/GCC/ARM_CM4F/port.o
 .ARM.attributes
                0x0000061d       0x32 ./Middlewares/Third_Party/FreeRTOS/Source/portable/MemMang/heap_4.o
 .ARM.attributes
                0x0000064f       0x32 C:/ST/STM32CubeIDE_2.0.0/STM32CubeIDE/plugins/com.st.stm32cube.ide.mcu.externaltools.gnu-tools-for-stm32.13.3.rel1.win32_1.0.100.202509120712/tools/bin/../lib/gcc/arm-none-eabi/13.3.1/../../../../arm-none-eabi/lib/thumb/v7e-m+dp/hard\libc_nano.a(libc_a-memset.o)
 .ARM.attributes
                0x00000681       0x32 C:/ST/STM32CubeIDE_2.0.0/STM32CubeIDE/plugins/com.st.stm32cube.ide.mcu.externaltools.gnu-tools-for-stm32.13.3.rel1.win32_1.0.100.202509120712/tools/bin/../lib/gcc/arm-none-eabi/13.3.1/../../../../arm-none-eabi/lib/thumb/v7e-m+dp/hard\libc_nano.a(libc_a-init.o)
 .ARM.attributes
                0x000006b3       0x32 C:/ST/STM32CubeIDE_2.0.0/STM32CubeIDE/plugins/com.st.stm32cube.ide.mcu.externaltools.gnu-tools-for-stm32.13.3.rel1.win32_1.0.100.202509120712/tools/bin/../lib/gcc/arm-none-eabi/13.3.1/../../../../arm-none-eabi/lib/thumb/v7e-m+dp/hard\libc_nano.a(libc_a-memcpy-stub.o)
 .ARM.attributes
                0x000006e5       0x20 C:/ST/STM32CubeIDE_2.0.0/STM32CubeIDE/plugins/com.st.stm32cube.ide.mcu.externaltools.gnu-tools-for-stm32.13.3.rel1.win32_1.0.100.202509120712/tools/bin/../lib/gcc/arm-none-eabi/13.3.1/thumb/v7e-m+dp/hard\libgcc.a(_aeabi_uldivmod.o)
 .ARM.attributes
                0x00000705       0x32 C:/ST/STM32CubeIDE_2.0.0/STM32CubeIDE/plugins/com.st.stm32cube.ide.mcu.externaltools.gnu-tools-for-stm32.13.3.rel1.win32_1.0.100.202509120712/tools/bin/../lib/gcc/arm-none-eabi/13.3.1/thumb/v7e-m+dp/hard\libgcc.a(_udivmoddi4.o)
 .ARM.attributes
                0x00000737       0x20 C:/ST/STM32CubeIDE_2.0.0/STM32CubeIDE/plugins/com.st.stm32cube.ide.mcu.externaltools.gnu-tools-for-stm32.13.3.rel1.win32_1.0.100.202509120712/tools/bin/../lib/gcc/arm-none-eabi/13.3.1/thumb/v7e-m+dp/hard\libgcc.a(_dvmd_tls.o)
 .ARM.attributes
                0x00000757       0x20 C:/ST/STM32CubeIDE_2.0.0/STM32CubeIDE/plugins/com.st.stm32cube.ide.mcu.externaltools.gnu-tools-for-stm32.13.3.rel1.win32_1.0.100.202509120712/tools/bin/../lib/gcc/arm-none-eabi/13.3.1/thumb/v7e-m+dp/hard/crtn.o
OUTPUT(Drone_Test.elf elf32-littlearm)
LOAD linker stubs
LOAD C:/ST/STM32CubeIDE_2.0.0/STM32CubeIDE/plugins/com.st.stm32cube.ide.mcu.externaltools.gnu-tools-for-stm32.13.3.rel1.win32_1.0.100.202509120712/tools/bin/../lib/gcc/arm-none-eabi/13.3.1/../../../../arm-none-eabi/lib/thumb/v7e-m+dp/hard\libc.a
LOAD C:/ST/STM32CubeIDE_2.0.0/STM32CubeIDE/plugins/com.st.stm32cube.ide.mcu.externaltools.gnu-tools-for-stm32.13.3.rel1.win32_1.0.100.202509120712/tools/bin/../lib/gcc/arm-none-eabi/13.3.1/../../../../arm-none-eabi/lib/thumb/v7e-m+dp/hard\libm.a
LOAD C:/ST/STM32CubeIDE_2.0.0/STM32CubeIDE/plugins/com.st.stm32cube.ide.mcu.externaltools.gnu-tools-for-stm32.13.3.rel1.win32_1.0.100.202509120712/tools/bin/../lib/gcc/arm-none-eabi/13.3.1/thumb/v7e-m+dp/hard\libgcc.a

.debug_info     0x00000000    0x23e81
 .debug_info    0x00000000      0x39b ./Core/Src/freertos.o
 .debug_info    0x0000039b      0x9b8 ./Core/Src/gpio.o
 .debug_info    0x00000d53     0x1006 ./Core/Src/i2c.o
 .debug_info    0x00001d59      0x207 ./Core/Src/imu.o
 .debug_info    0x00001f60     0x12cc ./Core/Src/main.o
 .debug_info    0x0000322c      0x81d ./Core/Src/stm32h7xx_hal_msp.o
 .debug_info    0x00003a49     0x10aa ./Core/Src/stm32h7xx_hal_timebase_tim.o
 .debug_info    0x00004af3      0x866 ./Core/Src/stm32h7xx_it.o
 .debug_info    0x00005359      0xd33 ./Core/Src/system_stm32h7xx.o
 .debug_info    0x0000608c      0x174 ./Core/Src/tasks.o
 .debug_info    0x00006200       0x30 ./Core/Startup/startup_stm32h7a3zitxq.o
 .debug_info    0x00006230     0x1a7d ./Drivers/BSP/STM32H7xx_Nucleo/stm32h7xx_nucleo.o
 .debug_info    0x00007cad     0x13f1 ./Drivers/STM32H7xx_HAL_Driver/Src/stm32h7xx_hal.o
 .debug_info    0x0000909e     0x1093 ./Drivers/STM32H7xx_HAL_Driver/Src/stm32h7xx_hal_cortex.o
 .debug_info    0x0000a131      0x7c9 ./Drivers/STM32H7xx_HAL_Driver/Src/stm32h7xx_hal_exti.o
 .debug_info    0x0000a8fa      0xb3a ./Drivers/STM32H7xx_HAL_Driver/Src/stm32h7xx_hal_gpio.o
 .debug_info    0x0000b434     0x22c9 ./Drivers/STM32H7xx_HAL_Driver/Src/stm32h7xx_hal_i2c.o
 .debug_info    0x0000d6fd      0xc64 ./Drivers/STM32H7xx_HAL_Driver/Src/stm32h7xx_hal_i2c_ex.o
 .debug_info    0x0000e361      0xf01 ./Drivers/STM32H7xx_HAL_Driver/Src/stm32h7xx_hal_pwr_ex.o
 .debug_info    0x0000f262      0xeb0 ./Drivers/STM32H7xx_HAL_Driver/Src/stm32h7xx_hal_rcc.o
 .debug_info    0x00010112     0x120c ./Drivers/STM32H7xx_HAL_Driver/Src/stm32h7xx_hal_rcc_ex.o
 .debug_info    0x0001131e     0x2bae ./Drivers/STM32H7xx_HAL_Driver/Src/stm32h7xx_hal_tim.o
 .debug_info    0x00013ecc     0x18c1 ./Drivers/STM32H7xx_HAL_Driver/Src/stm32h7xx_hal_tim_ex.o
 .debug_info    0x0001578d     0x4b3c ./Drivers/STM32H7xx_HAL_Driver/Src/stm32h7xx_hal_uart.o
 .debug_info    0x0001a2c9     0x3d69 ./Middlewares/Third_Party/FreeRTOS/Source/CMSIS_RTOS_V2/cmsis_os2.o
 .debug_info    0x0001e032      0x2af ./Middlewares/Third_Party/FreeRTOS/Source/list.o
 .debug_info    0x0001e2e1     0x1b79 ./Middlewares/Third_Party/FreeRTOS/Source/queue.o
 .debug_info    0x0001fe5a     0x21ec ./Middlewares/Third_Party/FreeRTOS/Source/tasks.o
 .debug_info    0x00022046     0x1488 ./Middlewares/Third_Party/FreeRTOS/Source/timers.o
 .debug_info    0x000234ce      0x4de ./Middlewares/Third_Party/FreeRTOS/Source/portable/GCC/ARM_CM4F/port.o
 .debug_info    0x000239ac      0x4d5 ./Middlewares/Third_Party/FreeRTOS/Source/portable/MemMang/heap_4.o

.debug_abbrev   0x00000000     0x46b8
 .debug_abbrev  0x00000000      0x12c ./Core/Src/freertos.o
 .debug_abbrev  0x0000012c      0x1a5 ./Core/Src/gpio.o
 .debug_abbrev  0x000002d1      0x25d ./Core/Src/i2c.o
 .debug_abbrev  0x0000052e      0x145 ./Core/Src/imu.o
 .debug_abbrev  0x00000673      0x2b9 ./Core/Src/main.o
 .debug_abbrev  0x0000092c      0x12d ./Core/Src/stm32h7xx_hal_msp.o
 .debug_abbrev  0x00000a59      0x223 ./Core/Src/stm32h7xx_hal_timebase_tim.o
 .debug_abbrev  0x00000c7c      0x17d ./Core/Src/stm32h7xx_it.o
 .debug_abbrev  0x00000df9      0x165 ./Core/Src/system_stm32h7xx.o
 .debug_abbrev  0x00000f5e       0xd1 ./Core/Src/tasks.o
 .debug_abbrev  0x0000102f       0x24 ./Core/Startup/startup_stm32h7a3zitxq.o
 .debug_abbrev  0x00001053      0x351 ./Drivers/BSP/STM32H7xx_Nucleo/stm32h7xx_nucleo.o
 .debug_abbrev  0x000013a4      0x291 ./Drivers/STM32H7xx_HAL_Driver/Src/stm32h7xx_hal.o
 .debug_abbrev  0x00001635      0x339 ./Drivers/STM32H7xx_HAL_Driver/Src/stm32h7xx_hal_cortex.o
 .debug_abbrev  0x0000196e      0x1ad ./Drivers/STM32H7xx_HAL_Driver/Src/stm32h7xx_hal_exti.o
 .debug_abbrev  0x00001b1b      0x201 ./Drivers/STM32H7xx_HAL_Driver/Src/stm32h7xx_hal_gpio.o
 .debug_abbrev  0x00001d1c      0x25d ./Drivers/STM32H7xx_HAL_Driver/Src/stm32h7xx_hal_i2c.o
 .debug_abbrev  0x00001f79      0x1f1 ./Drivers/STM32H7xx_HAL_Driver/Src/stm32h7xx_hal_i2c_ex.o
 .debug_abbrev  0x0000216a      0x297 ./Drivers/STM32H7xx_HAL_Driver/Src/stm32h7xx_hal_pwr_ex.o
 .debug_abbrev  0x00002401      0x2c5 ./Drivers/STM32H7xx_HAL_Driver/Src/stm32h7xx_hal_rcc.o
 .debug_abbrev  0x000026c6      0x27a ./Drivers/STM32H7xx_HAL_Driver/Src/stm32h7xx_hal_rcc_ex.o
 .debug_abbrev  0x00002940      0x276 ./Drivers/STM32H7xx_HAL_Driver/Src/stm32h7xx_hal_tim.o
 .debug_abbrev  0x00002bb6      0x296 ./Drivers/STM32H7xx_HAL_Driver/Src/stm32h7xx_hal_tim_ex.o
 .debug_abbrev  0x00002e4c      0x34e ./Drivers/STM32H7xx_HAL_Driver/Src/stm32h7xx_hal_uart.o
 .debug_abbrev  0x0000319a      0x522 ./Middlewares/Third_Party/FreeRTOS/Source/CMSIS_RTOS_V2/cmsis_os2.o
 .debug_abbrev  0x000036bc       0xf5 ./Middlewares/Third_Party/FreeRTOS/Source/list.o
 .debug_abbrev  0x000037b1      0x3b6 ./Middlewares/Third_Party/FreeRTOS/Source/queue.o
 .debug_abbrev  0x00003b67      0x386 ./Middlewares/Third_Party/FreeRTOS/Source/tasks.o
 .debug_abbrev  0x00003eed      0x352 ./Middlewares/Third_Party/FreeRTOS/Source/timers.o
 .debug_abbrev  0x0000423f      0x25c ./Middlewares/Third_Party/FreeRTOS/Source/portable/GCC/ARM_CM4F/port.o
 .debug_abbrev  0x0000449b      0x21d ./Middlewares/Third_Party/FreeRTOS/Source/portable/MemMang/heap_4.o

.debug_aranges  0x00000000     0x1c08
 .debug_aranges
                0x00000000       0x28 ./Core/Src/freertos.o
 .debug_aranges
                0x00000028       0x20 ./Core/Src/gpio.o
 .debug_aranges
                0x00000048       0x30 ./Core/Src/i2c.o
 .debug_aranges
                0x00000078       0x28 ./Core/Src/imu.o
 .debug_aranges
                0x000000a0       0x40 ./Core/Src/main.o
 .debug_aranges
                0x000000e0       0x20 ./Core/Src/stm32h7xx_hal_msp.o
 .debug_aranges
                0x00000100       0x30 ./Core/Src/stm32h7xx_hal_timebase_tim.o
 .debug_aranges
                0x00000130       0x60 ./Core/Src/stm32h7xx_it.o
 .debug_aranges
                0x00000190       0x30 ./Core/Src/system_stm32h7xx.o
 .debug_aranges
                0x000001c0       0x20 ./Core/Src/tasks.o
 .debug_aranges
                0x000001e0       0x28 ./Core/Startup/startup_stm32h7a3zitxq.o
 .debug_aranges
                0x00000208       0xb8 ./Drivers/BSP/STM32H7xx_Nucleo/stm32h7xx_nucleo.o
 .debug_aranges
                0x000002c0      0x1a0 ./Drivers/STM32H7xx_HAL_Driver/Src/stm32h7xx_hal.o
 .debug_aranges
                0x00000460      0x130 ./Drivers/STM32H7xx_HAL_Driver/Src/stm32h7xx_hal_cortex.o
 .debug_aranges
                0x00000590       0x60 ./Drivers/STM32H7xx_HAL_Driver/Src/stm32h7xx_hal_exti.o
 .debug_aranges
                0x000005f0       0x58 ./Drivers/STM32H7xx_HAL_Driver/Src/stm32h7xx_hal_gpio.o
 .debug_aranges
                0x00000648      0x2a0 ./Drivers/STM32H7xx_HAL_Driver/Src/stm32h7xx_hal_i2c.o
 .debug_aranges
                0x000008e8       0x48 ./Drivers/STM32H7xx_HAL_Driver/Src/stm32h7xx_hal_i2c_ex.o
 .debug_aranges
                0x00000930      0x188 ./Drivers/STM32H7xx_HAL_Driver/Src/stm32h7xx_hal_pwr_ex.o
 .debug_aranges
                0x00000ab8       0x88 ./Drivers/STM32H7xx_HAL_Driver/Src/stm32h7xx_hal_rcc.o
 .debug_aranges
                0x00000b40       0xf0 ./Drivers/STM32H7xx_HAL_Driver/Src/stm32h7xx_hal_rcc_ex.o
 .debug_aranges
                0x00000c30      0x3e0 ./Drivers/STM32H7xx_HAL_Driver/Src/stm32h7xx_hal_tim.o
 .debug_aranges
                0x00001010      0x198 ./Drivers/STM32H7xx_HAL_Driver/Src/stm32h7xx_hal_tim_ex.o
 .debug_aranges
                0x000011a8      0x248 ./Drivers/STM32H7xx_HAL_Driver/Src/stm32h7xx_hal_uart.o
 .debug_aranges
                0x000013f0      0x2b0 ./Middlewares/Third_Party/FreeRTOS/Source/CMSIS_RTOS_V2/cmsis_os2.o
 .debug_aranges
                0x000016a0       0x40 ./Middlewares/Third_Party/FreeRTOS/Source/list.o
 .debug_aranges
                0x000016e0      0x158 ./Middlewares/Third_Party/FreeRTOS/Source/queue.o
 .debug_aranges
                0x00001838      0x208 ./Middlewares/Third_Party/FreeRTOS/Source/tasks.o
 .debug_aranges
                0x00001a40       0xf0 ./Middlewares/Third_Party/FreeRTOS/Source/timers.o
 .debug_aranges
                0x00001b30       0x80 ./Middlewares/Third_Party/FreeRTOS/Source/portable/GCC/ARM_CM4F/port.o
 .debug_aranges
                0x00001bb0       0x58 ./Middlewares/Third_Party/FreeRTOS/Source/portable/MemMang/heap_4.o

.debug_rnglists
                0x00000000     0x15ce
 .debug_rnglists
                0x00000000       0x19 ./Core/Src/freertos.o
 .debug_rnglists
                0x00000019       0x14 ./Core/Src/gpio.o
 .debug_rnglists
                0x0000002d       0x21 ./Core/Src/i2c.o
 .debug_rnglists
                0x0000004e       0x19 ./Core/Src/imu.o
 .debug_rnglists
                0x00000067       0x2c ./Core/Src/main.o
 .debug_rnglists
                0x00000093       0x13 ./Core/Src/stm32h7xx_hal_msp.o
 .debug_rnglists
                0x000000a6       0x20 ./Core/Src/stm32h7xx_hal_timebase_tim.o
 .debug_rnglists
                0x000000c6       0x43 ./Core/Src/stm32h7xx_it.o
 .debug_rnglists
                0x00000109       0x21 ./Core/Src/system_stm32h7xx.o
 .debug_rnglists
                0x0000012a       0x13 ./Core/Src/tasks.o
 .debug_rnglists
                0x0000013d       0x19 ./Core/Startup/startup_stm32h7a3zitxq.o
 .debug_rnglists
                0x00000156       0x88 ./Drivers/BSP/STM32H7xx_Nucleo/stm32h7xx_nucleo.o
 .debug_rnglists
                0x000001de      0x137 ./Drivers/STM32H7xx_HAL_Driver/Src/stm32h7xx_hal.o
 .debug_rnglists
                0x00000315       0xe0 ./Drivers/STM32H7xx_HAL_Driver/Src/stm32h7xx_hal_cortex.o
 .debug_rnglists
                0x000003f5       0x46 ./Drivers/STM32H7xx_HAL_Driver/Src/stm32h7xx_hal_exti.o
 .debug_rnglists
                0x0000043b       0x3f ./Drivers/STM32H7xx_HAL_Driver/Src/stm32h7xx_hal_gpio.o
 .debug_rnglists
                0x0000047a      0x22a ./Drivers/STM32H7xx_HAL_Driver/Src/stm32h7xx_hal_i2c.o
 .debug_rnglists
                0x000006a4       0x35 ./Drivers/STM32H7xx_HAL_Driver/Src/stm32h7xx_hal_i2c_ex.o
 .debug_rnglists
                0x000006d9      0x127 ./Drivers/STM32H7xx_HAL_Driver/Src/stm32h7xx_hal_pwr_ex.o
 .debug_rnglists
                0x00000800       0x68 ./Drivers/STM32H7xx_HAL_Driver/Src/stm32h7xx_hal_rcc.o
 .debug_rnglists
                0x00000868       0xba ./Drivers/STM32H7xx_HAL_Driver/Src/stm32h7xx_hal_rcc_ex.o
 .debug_rnglists
                0x00000922      0x328 ./Drivers/STM32H7xx_HAL_Driver/Src/stm32h7xx_hal_tim.o
 .debug_rnglists
                0x00000c4a      0x14d ./Drivers/STM32H7xx_HAL_Driver/Src/stm32h7xx_hal_tim_ex.o
 .debug_rnglists
                0x00000d97      0x1fa ./Drivers/STM32H7xx_HAL_Driver/Src/stm32h7xx_hal_uart.o
 .debug_rnglists
                0x00000f91      0x212 ./Middlewares/Third_Party/FreeRTOS/Source/CMSIS_RTOS_V2/cmsis_os2.o
 .debug_rnglists
                0x000011a3       0x2b ./Middlewares/Third_Party/FreeRTOS/Source/list.o
 .debug_rnglists
                0x000011ce      0x109 ./Middlewares/Third_Party/FreeRTOS/Source/queue.o
 .debug_rnglists
                0x000012d7      0x1a0 ./Middlewares/Third_Party/FreeRTOS/Source/tasks.o
 .debug_rnglists
                0x00001477       0xb8 ./Middlewares/Third_Party/FreeRTOS/Source/timers.o
 .debug_rnglists
                0x0000152f       0x5d ./Middlewares/Third_Party/FreeRTOS/Source/portable/GCC/ARM_CM4F/port.o
 .debug_rnglists
                0x0000158c       0x42 ./Middlewares/Third_Party/FreeRTOS/Source/portable/MemMang/heap_4.o

.debug_macro    0x00000000    0x3429f
 .debug_macro   0x00000000      0x396 ./Core/Src/freertos.o
 .debug_macro   0x00000396      0xafc ./Core/Src/freertos.o
 .debug_macro   0x00000e92      0x190 ./Core/Src/freertos.o
 .debug_macro   0x00001022       0x22 ./Core/Src/freertos.o
 .debug_macro   0x00001044       0x8e ./Core/Src/freertos.o
 .debug_macro   0x000010d2       0x51 ./Core/Src/freertos.o
 .debug_macro   0x00001123      0x103 ./Core/Src/freertos.o
 .debug_macro   0x00001226       0x6a ./Core/Src/freertos.o
 .debug_macro   0x00001290      0x1df ./Core/Src/freertos.o
 .debug_macro   0x0000146f      0x169 ./Core/Src/freertos.o
 .debug_macro   0x000015d8      0x15a ./Core/Src/freertos.o
 .debug_macro   0x00001732       0xc9 ./Core/Src/freertos.o
 .debug_macro   0x000017fb       0x1c ./Core/Src/freertos.o
 .debug_macro   0x00001817       0x26 ./Core/Src/freertos.o
 .debug_macro   0x0000183d      0x4c5 ./Core/Src/freertos.o
 .debug_macro   0x00001d02       0xb5 ./Core/Src/freertos.o
 .debug_macro   0x00001db7       0xaa ./Core/Src/freertos.o
 .debug_macro   0x00001e61      0x238 ./Core/Src/freertos.o
 .debug_macro   0x00002099       0x2e ./Core/Src/freertos.o
 .debug_macro   0x000020c7       0x42 ./Core/Src/freertos.o
 .debug_macro   0x00002109       0x1c ./Core/Src/freertos.o
 .debug_macro   0x00002125       0x22 ./Core/Src/freertos.o
 .debug_macro   0x00002147       0xfb ./Core/Src/freertos.o
 .debug_macro   0x00002242     0x1305 ./Core/Src/freertos.o
 .debug_macro   0x00003547      0x11f ./Core/Src/freertos.o
 .debug_macro   0x00003666       0x27 ./Core/Src/freertos.o
 .debug_macro   0x0000368d    0x1ebe7 ./Core/Src/freertos.o
 .debug_macro   0x00022274       0x6d ./Core/Src/freertos.o
 .debug_macro   0x000222e1     0x3d80 ./Core/Src/freertos.o
 .debug_macro   0x00026061       0x61 ./Core/Src/freertos.o
 .debug_macro   0x000260c2       0x29 ./Core/Src/freertos.o
 .debug_macro   0x000260eb       0x43 ./Core/Src/freertos.o
 .debug_macro   0x0002612e       0x34 ./Core/Src/freertos.o
 .debug_macro   0x00026162      0x370 ./Core/Src/freertos.o
 .debug_macro   0x000264d2       0x16 ./Core/Src/freertos.o
 .debug_macro   0x000264e8       0x4a ./Core/Src/freertos.o
 .debug_macro   0x00026532       0x34 ./Core/Src/freertos.o
 .debug_macro   0x00026566       0x10 ./Core/Src/freertos.o
 .debug_macro   0x00026576       0x58 ./Core/Src/freertos.o
 .debug_macro   0x000265ce       0x8e ./Core/Src/freertos.o
 .debug_macro   0x0002665c       0x1c ./Core/Src/freertos.o
 .debug_macro   0x00026678      0x185 ./Core/Src/freertos.o
 .debug_macro   0x000267fd      0x19b ./Core/Src/freertos.o
 .debug_macro   0x00026998       0x5d ./Core/Src/freertos.o
 .debug_macro   0x000269f5     0x24ee ./Core/Src/freertos.o
 .debug_macro   0x00028ee3     0x103a ./Core/Src/freertos.o
 .debug_macro   0x00029f1d      0x154 ./Core/Src/freertos.o
 .debug_macro   0x0002a071      0x114 ./Core/Src/freertos.o
 .debug_macro   0x0002a185      0x3d5 ./Core/Src/freertos.o
 .debug_macro   0x0002a55a       0xac ./Core/Src/freertos.o
 .debug_macro   0x0002a606      0x70a ./Core/Src/freertos.o
 .debug_macro   0x0002ad10      0x20c ./Core/Src/freertos.o
 .debug_macro   0x0002af1c       0x66 ./Core/Src/freertos.o
 .debug_macro   0x0002af82      0x3c9 ./Core/Src/freertos.o
 .debug_macro   0x0002b34b      0x3eb ./Core/Src/freertos.o
 .debug_macro   0x0002b736      0x275 ./Core/Src/freertos.o
 .debug_macro   0x0002b9ab      0x6c8 ./Core/Src/freertos.o
 .debug_macro   0x0002c073      0x520 ./Core/Src/freertos.o
 .debug_macro   0x0002c593       0x58 ./Core/Src/freertos.o
 .debug_macro   0x0002c5eb       0x4a ./Core/Src/freertos.o
 .debug_macro   0x0002c635      0x22c ./Core/Src/freertos.o
 .debug_macro   0x0002c861       0x67 ./Core/Src/freertos.o
 .debug_macro   0x0002c8c8       0xa5 ./Core/Src/freertos.o
 .debug_macro   0x0002c96d      0x1bd ./Core/Src/freertos.o
 .debug_macro   0x0002cb2a      0x2dc ./Core/Src/freertos.o
 .debug_macro   0x0002ce06       0x35 ./Core/Src/freertos.o
 .debug_macro   0x0002ce3b      0xb24 ./Core/Src/freertos.o
 .debug_macro   0x0002d95f      0x29f ./Core/Src/freertos.o
 .debug_macro   0x0002dbfe      0x693 ./Core/Src/freertos.o
 .debug_macro   0x0002e291       0xa6 ./Core/Src/freertos.o
 .debug_macro   0x0002e337      0x5ca ./Core/Src/freertos.o
 .debug_macro   0x0002e901       0x2e ./Core/Src/freertos.o
 .debug_macro   0x0002e92f       0x52 ./Core/Src/freertos.o
 .debug_macro   0x0002e981      0x131 ./Core/Src/freertos.o
 .debug_macro   0x0002eab2       0x1c ./Core/Src/freertos.o
 .debug_macro   0x0002eace       0x3c ./Core/Src/freertos.o
 .debug_macro   0x0002eb0a       0x10 ./Core/Src/freertos.o
 .debug_macro   0x0002eb1a       0x1c ./Core/Src/freertos.o
 .debug_macro   0x0002eb36       0x16 ./Core/Src/freertos.o
 .debug_macro   0x0002eb4c      0x146 ./Core/Src/freertos.o
 .debug_macro   0x0002ec92       0x46 ./Core/Src/freertos.o
 .debug_macro   0x0002ecd8       0x6c ./Core/Src/freertos.o
 .debug_macro   0x0002ed44       0x74 ./Core/Src/freertos.o
 .debug_macro   0x0002edb8       0xdd ./Core/Src/freertos.o
 .debug_macro   0x0002ee95      0x316 ./Core/Src/gpio.o
 .debug_macro   0x0002f1ab      0x316 ./Core/Src/i2c.o
 .debug_macro   0x0002f4c1      0x3af ./Core/Src/imu.o
 .debug_macro   0x0002f870       0x66 ./Core/Src/imu.o
 .debug_macro   0x0002f8d6       0x10 ./Core/Src/imu.o
 .debug_macro   0x0002f8e6       0xf5 ./Core/Src/imu.o
 .debug_macro   0x0002f9db      0x3be ./Core/Src/main.o
 .debug_macro   0x0002fd99      0x169 ./Core/Src/main.o
 .debug_macro   0x0002ff02      0x30c ./Core/Src/stm32h7xx_hal_msp.o
 .debug_macro   0x0003020e      0x2a8 ./Core/Src/stm32h7xx_hal_timebase_tim.o
 .debug_macro   0x000304b6      0x316 ./Core/Src/stm32h7xx_it.o
 .debug_macro   0x000307cc      0x2a8 ./Core/Src/system_stm32h7xx.o
 .debug_macro   0x00030a74      0x10b ./Core/Src/tasks.o
 .debug_macro   0x00030b7f      0x2cf ./Drivers/BSP/STM32H7xx_Nucleo/stm32h7xx_nucleo.o
 .debug_macro   0x00030e4e       0x28 ./Drivers/BSP/STM32H7xx_Nucleo/stm32h7xx_nucleo.o
 .debug_macro   0x00030e76      0x2d2 ./Drivers/STM32H7xx_HAL_Driver/Src/stm32h7xx_hal.o
 .debug_macro   0x00031148      0x2a8 ./Drivers/STM32H7xx_HAL_Driver/Src/stm32h7xx_hal_cortex.o
 .debug_macro   0x000313f0      0x2b6 ./Drivers/STM32H7xx_HAL_Driver/Src/stm32h7xx_hal_exti.o
 .debug_macro   0x000316a6      0x2af ./Drivers/STM32H7xx_HAL_Driver/Src/stm32h7xx_hal_gpio.o
 .debug_macro   0x00031955      0x374 ./Drivers/STM32H7xx_HAL_Driver/Src/stm32h7xx_hal_i2c.o
 .debug_macro   0x00031cc9      0x2a8 ./Drivers/STM32H7xx_HAL_Driver/Src/stm32h7xx_hal_i2c_ex.o
 .debug_macro   0x00031f71      0x2e1 ./Drivers/STM32H7xx_HAL_Driver/Src/stm32h7xx_hal_pwr_ex.o
 .debug_macro   0x00032252      0x2cc ./Drivers/STM32H7xx_HAL_Driver/Src/stm32h7xx_hal_rcc.o
 .debug_macro   0x0003251e      0x2c6 ./Drivers/STM32H7xx_HAL_Driver/Src/stm32h7xx_hal_rcc_ex.o
 .debug_macro   0x000327e4      0x2a9 ./Drivers/STM32H7xx_HAL_Driver/Src/stm32h7xx_hal_tim.o
 .debug_macro   0x00032a8d      0x2ae ./Drivers/STM32H7xx_HAL_Driver/Src/stm32h7xx_hal_tim_ex.o
 .debug_macro   0x00032d3b      0x2d3 ./Drivers/STM32H7xx_HAL_Driver/Src/stm32h7xx_hal_uart.o
 .debug_macro   0x0003300e      0x407 ./Middlewares/Third_Party/FreeRTOS/Source/CMSIS_RTOS_V2/cmsis_os2.o
 .debug_macro   0x00033415       0x10 ./Middlewares/Third_Party/FreeRTOS/Source/CMSIS_RTOS_V2/cmsis_os2.o
 .debug_macro   0x00033425       0x20 ./Middlewares/Third_Party/FreeRTOS/Source/CMSIS_RTOS_V2/cmsis_os2.o
 .debug_macro   0x00033445       0x91 ./Middlewares/Third_Party/FreeRTOS/Source/CMSIS_RTOS_V2/cmsis_os2.o
 .debug_macro   0x000334d6       0x8d ./Middlewares/Third_Party/FreeRTOS/Source/CMSIS_RTOS_V2/cmsis_os2.o
 .debug_macro   0x00033563       0x9a ./Middlewares/Third_Party/FreeRTOS/Source/CMSIS_RTOS_V2/cmsis_os2.o
 .debug_macro   0x000335fd       0x22 ./Middlewares/Third_Party/FreeRTOS/Source/CMSIS_RTOS_V2/cmsis_os2.o
 .debug_macro   0x0003361f      0x187 ./Middlewares/Third_Party/FreeRTOS/Source/list.o
 .debug_macro   0x000337a6      0x216 ./Middlewares/Third_Party/FreeRTOS/Source/queue.o
 .debug_macro   0x000339bc       0x16 ./Middlewares/Third_Party/FreeRTOS/Source/queue.o
 .debug_macro   0x000339d2       0x87 ./Middlewares/Third_Party/FreeRTOS/Source/queue.o
 .debug_macro   0x00033a59      0x27f ./Middlewares/Third_Party/FreeRTOS/Source/tasks.o
 .debug_macro   0x00033cd8       0x10 ./Middlewares/Third_Party/FreeRTOS/Source/tasks.o
 .debug_macro   0x00033ce8      0x1dc ./Middlewares/Third_Party/FreeRTOS/Source/timers.o
 .debug_macro   0x00033ec4       0x97 ./Middlewares/Third_Party/FreeRTOS/Source/timers.o
 .debug_macro   0x00033f5b      0x196 ./Middlewares/Third_Party/FreeRTOS/Source/portable/GCC/ARM_CM4F/port.o
 .debug_macro   0x000340f1      0x1ae ./Middlewares/Third_Party/FreeRTOS/Source/portable/MemMang/heap_4.o

.debug_line     0x00000000    0x24a11
 .debug_line    0x00000000      0xae3 ./Core/Src/freertos.o
 .debug_line    0x00000ae3      0x97d ./Core/Src/gpio.o
 .debug_line    0x00001460      0xa0e ./Core/Src/i2c.o
 .debug_line    0x00001e6e      0xafd ./Core/Src/imu.o
 .debug_line    0x0000296b      0xbf2 ./Core/Src/main.o
 .debug_line    0x0000355d      0x96f ./Core/Src/stm32h7xx_hal_msp.o
 .debug_line    0x00003ecc      0x956 ./Core/Src/stm32h7xx_hal_timebase_tim.o
 .debug_line    0x00004822      0xa28 ./Core/Src/stm32h7xx_it.o
 .debug_line    0x0000524a      0xad6 ./Core/Src/system_stm32h7xx.o
 .debug_line    0x00005d20      0x593 ./Core/Src/tasks.o
 .debug_line    0x000062b3       0x7b ./Core/Startup/startup_stm32h7a3zitxq.o
 .debug_line    0x0000632e      0xcec ./Drivers/BSP/STM32H7xx_Nucleo/stm32h7xx_nucleo.o
 .debug_line    0x0000701a      0xec5 ./Drivers/STM32H7xx_HAL_Driver/Src/stm32h7xx_hal.o
 .debug_line    0x00007edf      0xea2 ./Drivers/STM32H7xx_HAL_Driver/Src/stm32h7xx_hal_cortex.o
 .debug_line    0x00008d81      0xd6c ./Drivers/STM32H7xx_HAL_Driver/Src/stm32h7xx_hal_exti.o
 .debug_line    0x00009aed      0xd41 ./Drivers/STM32H7xx_HAL_Driver/Src/stm32h7xx_hal_gpio.o
 .debug_line    0x0000a82e     0x3c2f ./Drivers/STM32H7xx_HAL_Driver/Src/stm32h7xx_hal_i2c.o
 .debug_line    0x0000e45d      0xa46 ./Drivers/STM32H7xx_HAL_Driver/Src/stm32h7xx_hal_i2c_ex.o
 .debug_line    0x0000eea3     0x10a8 ./Drivers/STM32H7xx_HAL_Driver/Src/stm32h7xx_hal_pwr_ex.o
 .debug_line    0x0000ff4b     0x14fa ./Drivers/STM32H7xx_HAL_Driver/Src/stm32h7xx_hal_rcc.o
 .debug_line    0x00011445     0x1d78 ./Drivers/STM32H7xx_HAL_Driver/Src/stm32h7xx_hal_rcc_ex.o
 .debug_line    0x000131bd     0x400c ./Drivers/STM32H7xx_HAL_Driver/Src/stm32h7xx_hal_tim.o
 .debug_line    0x000171c9     0x1e72 ./Drivers/STM32H7xx_HAL_Driver/Src/stm32h7xx_hal_tim_ex.o
 .debug_line    0x0001903b     0x39ac ./Drivers/STM32H7xx_HAL_Driver/Src/stm32h7xx_hal_uart.o
 .debug_line    0x0001c9e7     0x2584 ./Middlewares/Third_Party/FreeRTOS/Source/CMSIS_RTOS_V2/cmsis_os2.o
 .debug_line    0x0001ef6b      0x791 ./Middlewares/Third_Party/FreeRTOS/Source/list.o
 .debug_line    0x0001f6fc     0x1702 ./Middlewares/Third_Party/FreeRTOS/Source/queue.o
 .debug_line    0x00020dfe     0x1c85 ./Middlewares/Third_Party/FreeRTOS/Source/tasks.o
 .debug_line    0x00022a83      0xdd1 ./Middlewares/Third_Party/FreeRTOS/Source/timers.o
 .debug_line    0x00023854      0x815 ./Middlewares/Third_Party/FreeRTOS/Source/portable/GCC/ARM_CM4F/port.o
 .debug_line    0x00024069      0x9a8 ./Middlewares/Third_Party/FreeRTOS/Source/portable/MemMang/heap_4.o

.debug_str      0x00000000   0x14c71b
 .debug_str     0x00000000   0x14c71b ./Core/Src/freertos.o
                             0x13ffa1 (size before relaxing)
 .debug_str     0x0014c71b        0x0 ./Core/Src/gpio.o
                             0x13bc0f (size before relaxing)
 .debug_str     0x0014c71b        0x0 ./Core/Src/i2c.o
                             0x13bdd1 (size before relaxing)
 .debug_str     0x0014c71b        0x0 ./Core/Src/imu.o
                             0x13fb8a (size before relaxing)
 .debug_str     0x0014c71b        0x0 ./Core/Src/main.o
                             0x1409a0 (size before relaxing)
 .debug_str     0x0014c71b        0x0 ./Core/Src/stm32h7xx_hal_msp.o
                             0x13bb6d (size before relaxing)
 .debug_str     0x0014c71b        0x0 ./Core/Src/stm32h7xx_hal_timebase_tim.o
                             0x13b386 (size before relaxing)
 .debug_str     0x0014c71b        0x0 ./Core/Src/stm32h7xx_it.o
                             0x13b880 (size before relaxing)
 .debug_str     0x0014c71b        0x0 ./Core/Src/system_stm32h7xx.o
                             0x13a6ff (size before relaxing)
 .debug_str     0x0014c71b        0x0 ./Core/Src/tasks.o
                               0x8b6e (size before relaxing)
 .debug_str     0x0014c71b        0x0 ./Core/Startup/startup_stm32h7a3zitxq.o
                                 0x84 (size before relaxing)
 .debug_str     0x0014c71b        0x0 ./Drivers/BSP/STM32H7xx_Nucleo/stm32h7xx_nucleo.o
                             0x13bfc7 (size before relaxing)
 .debug_str     0x0014c71b        0x0 ./Drivers/STM32H7xx_HAL_Driver/Src/stm32h7xx_hal.o
                             0x13b593 (size before relaxing)
 .debug_str     0x0014c71b        0x0 ./Drivers/STM32H7xx_HAL_Driver/Src/stm32h7xx_hal_cortex.o
                             0x13afdb (size before relaxing)
 .debug_str     0x0014c71b        0x0 ./Drivers/STM32H7xx_HAL_Driver/Src/stm32h7xx_hal_exti.o
                             0x13a4a9 (size before relaxing)
 .debug_str     0x0014c71b        0x0 ./Drivers/STM32H7xx_HAL_Driver/Src/stm32h7xx_hal_gpio.o
                             0x13a670 (size before relaxing)
 .debug_str     0x0014c71b        0x0 ./Drivers/STM32H7xx_HAL_Driver/Src/stm32h7xx_hal_i2c.o
                             0x13b723 (size before relaxing)
 .debug_str     0x0014c71b        0x0 ./Drivers/STM32H7xx_HAL_Driver/Src/stm32h7xx_hal_i2c_ex.o
                             0x13aab5 (size before relaxing)
 .debug_str     0x0014c71b        0x0 ./Drivers/STM32H7xx_HAL_Driver/Src/stm32h7xx_hal_pwr_ex.o
                             0x13abf5 (size before relaxing)
 .debug_str     0x0014c71b        0x0 ./Drivers/STM32H7xx_HAL_Driver/Src/stm32h7xx_hal_rcc.o
                             0x13aa98 (size before relaxing)
 .debug_str     0x0014c71b        0x0 ./Drivers/STM32H7xx_HAL_Driver/Src/stm32h7xx_hal_rcc_ex.o
                             0x13af2d (size before relaxing)
 .debug_str     0x0014c71b        0x0 ./Drivers/STM32H7xx_HAL_Driver/Src/stm32h7xx_hal_tim.o
                             0x13b805 (size before relaxing)
 .debug_str     0x0014c71b        0x0 ./Drivers/STM32H7xx_HAL_Driver/Src/stm32h7xx_hal_tim_ex.o
                             0x13b1b2 (size before relaxing)
 .debug_str     0x0014c71b        0x0 ./Drivers/STM32H7xx_HAL_Driver/Src/stm32h7xx_hal_uart.o
                             0x13b5c8 (size before relaxing)
 .debug_str     0x0014c71b        0x0 ./Middlewares/Third_Party/FreeRTOS/Source/CMSIS_RTOS_V2/cmsis_os2.o
                             0x142229 (size before relaxing)
 .debug_str     0x0014c71b        0x0 ./Middlewares/Third_Party/FreeRTOS/Source/list.o
                               0xac8d (size before relaxing)
 .debug_str     0x0014c71b        0x0 ./Middlewares/Third_Party/FreeRTOS/Source/queue.o
                               0xc7cd (size before relaxing)